Archive member included to satisfy reference by file (symbol)

c:/st/stm32cubeide_1.8.0/stm32cubeide/plugins/com.st.stm32cube.ide.mcu.externaltools.gnu-tools-for-stm32.9-2020-q2-update.win32_2.0.0.202105311346/tools/bin/../lib/gcc/arm-none-eabi/9.3.1/../../../../arm-none-eabi/lib/thumb/v7e-m/nofp\libc_nano.a(lib_a-errno.o)
                              ./Src/syscalls.o (__errno)
c:/st/stm32cubeide_1.8.0/stm32cubeide/plugins/com.st.stm32cube.ide.mcu.externaltools.gnu-tools-for-stm32.9-2020-q2-update.win32_2.0.0.202105311346/tools/bin/../lib/gcc/arm-none-eabi/9.3.1/../../../../arm-none-eabi/lib/thumb/v7e-m/nofp\libc_nano.a(lib_a-exit.o)
                              c:/st/stm32cubeide_1.8.0/stm32cubeide/plugins/com.st.stm32cube.ide.mcu.externaltools.gnu-tools-for-stm32.9-2020-q2-update.win32_2.0.0.202105311346/tools/bin/../lib/gcc/arm-none-eabi/9.3.1/../../../../arm-none-eabi/lib/thumb/v7e-m/nofp/crt0.o (exit)
c:/st/stm32cubeide_1.8.0/stm32cubeide/plugins/com.st.stm32cube.ide.mcu.externaltools.gnu-tools-for-stm32.9-2020-q2-update.win32_2.0.0.202105311346/tools/bin/../lib/gcc/arm-none-eabi/9.3.1/../../../../arm-none-eabi/lib/thumb/v7e-m/nofp\libc_nano.a(lib_a-impure.o)
                              c:/st/stm32cubeide_1.8.0/stm32cubeide/plugins/com.st.stm32cube.ide.mcu.externaltools.gnu-tools-for-stm32.9-2020-q2-update.win32_2.0.0.202105311346/tools/bin/../lib/gcc/arm-none-eabi/9.3.1/../../../../arm-none-eabi/lib/thumb/v7e-m/nofp\libc_nano.a(lib_a-exit.o) (_global_impure_ptr)
c:/st/stm32cubeide_1.8.0/stm32cubeide/plugins/com.st.stm32cube.ide.mcu.externaltools.gnu-tools-for-stm32.9-2020-q2-update.win32_2.0.0.202105311346/tools/bin/../lib/gcc/arm-none-eabi/9.3.1/../../../../arm-none-eabi/lib/thumb/v7e-m/nofp\libc_nano.a(lib_a-init.o)
                              c:/st/stm32cubeide_1.8.0/stm32cubeide/plugins/com.st.stm32cube.ide.mcu.externaltools.gnu-tools-for-stm32.9-2020-q2-update.win32_2.0.0.202105311346/tools/bin/../lib/gcc/arm-none-eabi/9.3.1/../../../../arm-none-eabi/lib/thumb/v7e-m/nofp/crt0.o (__libc_init_array)
c:/st/stm32cubeide_1.8.0/stm32cubeide/plugins/com.st.stm32cube.ide.mcu.externaltools.gnu-tools-for-stm32.9-2020-q2-update.win32_2.0.0.202105311346/tools/bin/../lib/gcc/arm-none-eabi/9.3.1/../../../../arm-none-eabi/lib/thumb/v7e-m/nofp\libc_nano.a(lib_a-memset.o)
                              c:/st/stm32cubeide_1.8.0/stm32cubeide/plugins/com.st.stm32cube.ide.mcu.externaltools.gnu-tools-for-stm32.9-2020-q2-update.win32_2.0.0.202105311346/tools/bin/../lib/gcc/arm-none-eabi/9.3.1/../../../../arm-none-eabi/lib/thumb/v7e-m/nofp/crt0.o (memset)
c:/st/stm32cubeide_1.8.0/stm32cubeide/plugins/com.st.stm32cube.ide.mcu.externaltools.gnu-tools-for-stm32.9-2020-q2-update.win32_2.0.0.202105311346/tools/bin/../lib/gcc/arm-none-eabi/9.3.1/../../../../arm-none-eabi/lib/thumb/v7e-m/nofp\libc_nano.a(lib_a-puts.o)
                              ./drivers/Src/15_I2C_lcd1602_rtc.o (puts)
c:/st/stm32cubeide_1.8.0/stm32cubeide/plugins/com.st.stm32cube.ide.mcu.externaltools.gnu-tools-for-stm32.9-2020-q2-update.win32_2.0.0.202105311346/tools/bin/../lib/gcc/arm-none-eabi/9.3.1/../../../../arm-none-eabi/lib/thumb/v7e-m/nofp\libc_nano.a(lib_a-wbuf.o)
                              c:/st/stm32cubeide_1.8.0/stm32cubeide/plugins/com.st.stm32cube.ide.mcu.externaltools.gnu-tools-for-stm32.9-2020-q2-update.win32_2.0.0.202105311346/tools/bin/../lib/gcc/arm-none-eabi/9.3.1/../../../../arm-none-eabi/lib/thumb/v7e-m/nofp\libc_nano.a(lib_a-puts.o) (__swbuf_r)
c:/st/stm32cubeide_1.8.0/stm32cubeide/plugins/com.st.stm32cube.ide.mcu.externaltools.gnu-tools-for-stm32.9-2020-q2-update.win32_2.0.0.202105311346/tools/bin/../lib/gcc/arm-none-eabi/9.3.1/../../../../arm-none-eabi/lib/thumb/v7e-m/nofp\libc_nano.a(lib_a-wsetup.o)
                              c:/st/stm32cubeide_1.8.0/stm32cubeide/plugins/com.st.stm32cube.ide.mcu.externaltools.gnu-tools-for-stm32.9-2020-q2-update.win32_2.0.0.202105311346/tools/bin/../lib/gcc/arm-none-eabi/9.3.1/../../../../arm-none-eabi/lib/thumb/v7e-m/nofp\libc_nano.a(lib_a-puts.o) (__swsetup_r)
c:/st/stm32cubeide_1.8.0/stm32cubeide/plugins/com.st.stm32cube.ide.mcu.externaltools.gnu-tools-for-stm32.9-2020-q2-update.win32_2.0.0.202105311346/tools/bin/../lib/gcc/arm-none-eabi/9.3.1/../../../../arm-none-eabi/lib/thumb/v7e-m/nofp\libc_nano.a(lib_a-fflush.o)
                              c:/st/stm32cubeide_1.8.0/stm32cubeide/plugins/com.st.stm32cube.ide.mcu.externaltools.gnu-tools-for-stm32.9-2020-q2-update.win32_2.0.0.202105311346/tools/bin/../lib/gcc/arm-none-eabi/9.3.1/../../../../arm-none-eabi/lib/thumb/v7e-m/nofp\libc_nano.a(lib_a-wbuf.o) (_fflush_r)
c:/st/stm32cubeide_1.8.0/stm32cubeide/plugins/com.st.stm32cube.ide.mcu.externaltools.gnu-tools-for-stm32.9-2020-q2-update.win32_2.0.0.202105311346/tools/bin/../lib/gcc/arm-none-eabi/9.3.1/../../../../arm-none-eabi/lib/thumb/v7e-m/nofp\libc_nano.a(lib_a-findfp.o)
[...]
Memory Configuration

Name             Origin             Length             Attributes
RAM              0x0000000020000000 0x0000000000020000 xrw
FLASH            0x0000000008000000 0x0000000000080000 xr
*default*        0x0000000000000000 0xffffffffffffffff

Linker script and memory map

LOAD c:/st/stm32cubeide_1.8.0/stm32cubeide/plugins/com.st.stm32cube.ide.mcu.externaltools.gnu-tools-for-stm32.9-2020-q2-update.win32_2.0.0.202105311346/tools/bin/../lib/gcc/arm-none-eabi/9.3.1/thumb/v7e-m/nofp/crti.o
LOAD c:/st/stm32cubeide_1.8.0/stm32cubeide/plugins/com.st.stm32cube.ide.mcu.externaltools.gnu-tools-for-stm32.9-2020-q2-update.win32_2.0.0.202105311346/tools/bin/../lib/gcc/arm-none-eabi/9.3.1/thumb/v7e-m/nofp/crtbegin.o
LOAD c:/st/stm32cubeide_1.8.0/stm32cubeide/plugins/com.st.stm32cube.ide.mcu.externaltools.gnu-tools-for-stm32.9-2020-q2-update.win32_2.0.0.202105311346/tools/bin/../lib/gcc/arm-none-eabi/9.3.1/../../../../arm-none-eabi/lib/thumb/v7e-m/nofp/crt0.o
LOAD ./Src/syscalls.o
LOAD ./Src/sysmem.o
LOAD ./Startup/startup_stm32f411vetx.o
LOAD ./drivers/Src/15_I2C_lcd1602_rtc.o
LOAD ./drivers/Src/ds3231.o
LOAD ./drivers/Src/lcd.o
LOAD ./drivers/Src/stm32f411xx.spi_driver.o
LOAD ./drivers/Src/stm32f411xx_gpio_driver.o
LOAD ./drivers/Src/stm32f411xx_i2c_driver.o
LOAD ./drivers/Src/stm32f411xx_rcc_driver.o
LOAD ./drivers/Src/stm32f411xx_usart_driver.o
START GROUP
LOAD c:/st/stm32cubeide_1.8.0/stm32cubeide/plugins/com.st.stm32cube.ide.mcu.externaltools.gnu-tools-for-stm32.9-2020-q2-update.win32_2.0.0.202105311346/tools/bin/../lib/gcc/arm-none-eabi/9.3.1/../../../../arm-none-eabi/lib/thumb/v7e-m/nofp\libc_nano.a
LOAD c:/st/stm32cubeide_1.8.0/stm32cubeide/plugins/com.st.stm32cube.ide.mcu.externaltools.gnu-tools-for-stm32.9-2020-q2-update.win32_2.0.0.202105311346/tools/bin/../lib/gcc/arm-none-eabi/9.3.1/../../../../arm-none-eabi/lib/thumb/v7e-m/nofp\libm.a
END GROUP
START GROUP
LOAD c:/st/stm32cubeide_1.8.0/stm32cubeide/plugins/com.st.stm32cube.ide.mcu.externaltools.gnu-tools-for-stm32.9-2020-q2-update.win32_2.0.0.202105311346/tools/bin/../lib/gcc/arm-none-eabi/9.3.1/thumb/v7e-m/nofp\libgcc.a
LOAD c:/st/stm32cubeide_1.8.0/stm32cubeide/plugins/com.st.stm32cube.ide.mcu.externaltools.gnu-tools-for-stm32.9-2020-q2-update.win32_2.0.0.202105311346/tools/bin/../lib/gcc/arm-none-eabi/9.3.1/../../../../arm-none-eabi/lib/thumb/v7e-m/nofp\libc_nano.a
END GROUP
START GROUP
LOAD c:/st/stm32cubeide_1.8.0/stm32cubeide/plugins/com.st.stm32cube.ide.mcu.externaltools.gnu-tools-for-stm32.9-2020-q2-update.win32_2.0.0.202105311346/tools/bin/../lib/gcc/arm-none-eabi/9.3.1/thumb/v7e-m/nofp\libgcc.a
LOAD c:/st/stm32cubeide_1.8.0/stm32cubeide/plugins/com.st.stm32cube.ide.mcu.externaltools.gnu-tools-for-stm32.9-2020-q2-update.win32_2.0.0.202105311346/tools/bin/../lib/gcc/arm-none-eabi/9.3.1/../../../../arm-none-eabi/lib/thumb/v7e-m/nofp\libc_nano.a
LOAD c:/st/stm32cubeide_1.8.0/stm32cubeide/plugins/com.st.stm32cube.ide.mcu.externaltools.gnu-tools-for-stm32.9-2020-q2-update.win32_2.0.0.202105311346/tools/bin/../lib/gcc/arm-none-eabi/9.3.1/../../../../arm-none-eabi/lib/thumb/v7e-m/nofp\libnosys.a
END GROUP
START GROUP
LOAD c:/st/stm32cubeide_1.8.0/stm32cubeide/plugins/com.st.stm32cube.ide.mcu.externaltools.gnu-tools-for-stm32.9-2020-q2-update.win32_2.0.0.202105311346/tools/bin/../lib/gcc/arm-none-eabi/9.3.1/thumb/v7e-m/nofp\libgcc.a
LOAD c:/st/stm32cubeide_1.8.0/stm32cubeide/plugins/com.st.stm32cube.ide.mcu.externaltools.gnu-tools-for-stm32.9-2020-q2-update.win32_2.0.0.202105311346/tools/bin/../lib/gcc/arm-none-eabi/9.3.1/../../../../arm-none-eabi/lib/thumb/v7e-m/nofp\libc_nano.a
LOAD c:/st/stm32cubeide_1.8.0/stm32cubeide/plugins/com.st.stm32cube.ide.mcu.externaltools.gnu-tools-for-stm32.9-2020-q2-update.win32_2.0.0.202105311346/tools/bin/../lib/gcc/arm-none-eabi/9.3.1/../../../../arm-none-eabi/lib/thumb/v7e-m/nofp\libnosys.a
END GROUP
LOAD c:/st/stm32cubeide_1.8.0/stm32cubeide/plugins/com.st.stm32cube.ide.mcu.externaltools.gnu-tools-for-stm32.9-2020-q2-update.win32_2.0.0.202105311346/tools/bin/../lib/gcc/arm-none-eabi/9.3.1/thumb/v7e-m/nofp/crtend.o
LOAD c:/st/stm32cubeide_1.8.0/stm32cubeide/plugins/com.st.stm32cube.ide.mcu.externaltools.gnu-tools-for-stm32.9-2020-q2-update.win32_2.0.0.202105311346/tools/bin/../lib/gcc/arm-none-eabi/9.3.1/thumb/v7e-m/nofp/crtn.o
                0x0000000020020000                _estack = (ORIGIN (RAM) + LENGTH (RAM))
                0x0000000000000200                _Min_Heap_Size = 0x200
                0x0000000000000400                _Min_Stack_Size = 0x400

.isr_vector     0x0000000008000000      0x198
                0x0000000008000000                . = ALIGN (0x4)
 *(.isr_vector)
 .isr_vector    0x0000000008000000      0x198 ./Startup/startup_stm32f411vetx.o
                0x0000000008000000                g_pfnVectors
                0x0000000008000198                . = ALIGN (0x4)

.text           0x0000000008000198     0x247c
                0x0000000008000198                . = ALIGN (0x4)
 *(.text)
 .text          0x0000000008000198       0x40 c:/st/stm32cubeide_1.8.0/stm32cubeide/plugins/com.st.stm32cube.ide.mcu.externaltools.gnu-tools-for-stm32.9-2020-q2-update.win32_2.0.0.202105311346/tools/bin/../lib/gcc/arm-none-eabi/9.3.1/thumb/v7e-m/nofp/crtbegin.o
 *(.text*)
 .text._read    0x00000000080001d8       0x3a ./Src/syscalls.o
                0x00000000080001d8                _read
 .text._write   0x0000000008000212       0x38 ./Src/syscalls.o
                0x0000000008000212                _write
 .text._close   0x000000000800024a       0x16 ./Src/syscalls.o
                0x000000000800024a                _close
 .text._fstat   0x0000000008000260       0x1e ./Src/syscalls.o
                0x0000000008000260                _fstat
 .text._isatty  0x000000000800027e       0x14 ./Src/syscalls.o
                0x000000000800027e                _isatty
 .text._lseek   0x0000000008000292       0x18 ./Src/syscalls.o
                0x0000000008000292                _lseek
 *fill*         0x00000000080002aa        0x2 
 .text._sbrk    0x00000000080002ac       0x6c ./Src/sysmem.o
                0x00000000080002ac                _sbrk
 .text.Reset_Handler
                0x0000000008000318       0x50 ./Startup/startup_stm32f411vetx.o
                0x0000000008000318                Reset_Handler
 .text.Default_Handler
                0x0000000008000368        0x2 ./Startup/startup_stm32f411vetx.o
                0x0000000008000368                RTC_Alarm_IRQHandler
                0x0000000008000368                EXTI2_IRQHandler
                0x0000000008000368                DebugMon_Handler
                0x0000000008000368                SPI4_IRQHandler
                0x0000000008000368                TIM1_CC_IRQHandler
                0x0000000008000368                DMA2_Stream5_IRQHandler
                0x0000000008000368                HardFault_Handler
                0x0000000008000368                DMA1_Stream5_IRQHandler
                0x0000000008000368                PVD_IRQHandler
                0x0000000008000368                SDIO_IRQHandler
                0x0000000008000368                TAMP_STAMP_IRQHandler
                0x0000000008000368                PendSV_Handler
                0x0000000008000368                NMI_Handler
                0x0000000008000368                TIM1_UP_TIM10_IRQHandler
                0x0000000008000368                I2C3_ER_IRQHandler
                0x0000000008000368                EXTI0_IRQHandler
                0x0000000008000368                I2C2_EV_IRQHandler
                0x0000000008000368                DMA1_Stream2_IRQHandler
                0x0000000008000368                FPU_IRQHandler
                0x0000000008000368                UsageFault_Handler
                0x0000000008000368                DMA2_Stream2_IRQHandler
                0x0000000008000368                SPI1_IRQHandler
                0x0000000008000368                TIM1_BRK_TIM9_IRQHandler
                0x0000000008000368                DMA2_Stream3_IRQHandler
                0x0000000008000368                USART6_IRQHandler
                0x0000000008000368                DMA2_Stream0_IRQHandler
                0x0000000008000368                TIM4_IRQHandler
                0x0000000008000368                I2C1_EV_IRQHandler
                0x0000000008000368                DMA1_Stream6_IRQHandler
                0x0000000008000368                DMA1_Stream1_IRQHandler
                0x0000000008000368                TIM3_IRQHandler
                0x0000000008000368                RCC_IRQHandler
                0x0000000008000368                Default_Handler
                0x0000000008000368                EXTI15_10_IRQHandler
                0x0000000008000368                ADC_IRQHandler
                0x0000000008000368                DMA1_Stream7_IRQHandler
                0x0000000008000368                SPI5_IRQHandler
                0x0000000008000368                TIM5_IRQHandler
                0x0000000008000368                DMA2_Stream7_IRQHandler
                0x0000000008000368                I2C3_EV_IRQHandler
                0x0000000008000368                EXTI9_5_IRQHandler
                0x0000000008000368                RTC_WKUP_IRQHandler
                0x0000000008000368                SPI2_IRQHandler
                0x0000000008000368                MemManage_Handler
                0x0000000008000368                DMA1_Stream0_IRQHandler
                0x0000000008000368                SVC_Handler
                0x0000000008000368                EXTI4_IRQHandler
                0x0000000008000368                WWDG_IRQHandler
                0x0000000008000368                TIM2_IRQHandler
                0x0000000008000368                OTG_FS_WKUP_IRQHandler
                0x0000000008000368                TIM1_TRG_COM_TIM11_IRQHandler
                0x0000000008000368                EXTI1_IRQHandler
                0x0000000008000368                USART2_IRQHandler
                0x0000000008000368                I2C2_ER_IRQHandler
                0x0000000008000368                DMA2_Stream1_IRQHandler
                0x0000000008000368                FLASH_IRQHandler
                0x0000000008000368                DMA2_Stream4_IRQHandler
                0x0000000008000368                BusFault_Handler
                0x0000000008000368                USART1_IRQHandler
                0x0000000008000368                OTG_FS_IRQHandler
                0x0000000008000368                SPI3_IRQHandler
                0x0000000008000368                DMA1_Stream4_IRQHandler
                0x0000000008000368                I2C1_ER_IRQHandler
                0x0000000008000368                DMA2_Stream6_IRQHandler
                0x0000000008000368                DMA1_Stream3_IRQHandler
 *fill*         0x000000000800036a        0x2 
 .text.init_systick_timer
                0x000000000800036c       0x68 ./drivers/Src/15_I2C_lcd1602_rtc.o
                0x000000000800036c                init_systick_timer
 .text.get_day_of_week
                0x00000000080003d4       0x3c ./drivers/Src/15_I2C_lcd1602_rtc.o
                0x00000000080003d4                get_day_of_week
 .text.number_to_string
                0x0000000008000410       0x74 ./drivers/Src/15_I2C_lcd1602_rtc.o
                0x0000000008000410                number_to_string
 .text.time_to_string
                0x0000000008000484       0x54 ./drivers/Src/15_I2C_lcd1602_rtc.o
                0x0000000008000484                time_to_string
 .text.date_to_string
                0x00000000080004d8       0x54 ./drivers/Src/15_I2C_lcd1602_rtc.o
                0x00000000080004d8                date_to_string
 .text.mdelay   0x000000000800052c       0x30 ./drivers/Src/15_I2C_lcd1602_rtc.o
 .text.GPIO_alarmInit
                0x000000000800055c       0x64 ./drivers/Src/15_I2C_lcd1602_rtc.o
                0x000000000800055c                GPIO_alarmInit
 .text.EXTI3_IRQHandler
                0x00000000080005c0       0x24 ./drivers/Src/15_I2C_lcd1602_rtc.o
                0x00000000080005c0                EXTI3_IRQHandler
 .text.main     0x00000000080005e4      0x100 ./drivers/Src/15_I2C_lcd1602_rtc.o
                0x00000000080005e4                main
 .text.SysTick_Handler
                0x00000000080006e4       0xac ./drivers/Src/15_I2C_lcd1602_rtc.o
                0x00000000080006e4                SysTick_Handler
 .text.ds3231_init
                0x0000000008000790       0x44 ./drivers/Src/ds3231.o
                0x0000000008000790                ds3231_init
 .text.ds3231_set_current_time
                0x00000000080007d4       0x92 ./drivers/Src/ds3231.o
                0x00000000080007d4                ds3231_set_current_time
 .text.ds3231_set_current_date
                0x0000000008000866       0x6c ./drivers/Src/ds3231.o
                0x0000000008000866                ds3231_set_current_date
 .text.ds3231_get_current_time
                0x00000000080008d2       0x92 ./drivers/Src/ds3231.o
                0x00000000080008d2                ds3231_get_current_time
 .text.ds3231_get_current_date
                0x0000000008000964       0x68 ./drivers/Src/ds3231.o
                0x0000000008000964                ds3231_get_current_date
 .text.ds3231_i2c_pin_config
                0x00000000080009cc       0x78 ./drivers/Src/ds3231.o
 .text.ds3231_i2c_config
                0x0000000008000a44       0x2c ./drivers/Src/ds3231.o
 .text.ds3231_write
                0x0000000008000a70       0x38 ./drivers/Src/ds3231.o
 .text.ds3231_read
                0x0000000008000aa8       0x3c ./drivers/Src/ds3231.o
 .text.binary_to_bcd
                0x0000000008000ae4       0x58 ./drivers/Src/ds3231.o
 .text.bcd_to_binary
                0x0000000008000b3c       0x34 ./drivers/Src/ds3231.o
 .text.ds3231_set_time_alarm1
                0x0000000008000b70      0x1a0 ./drivers/Src/ds3231.o
                0x0000000008000b70                ds3231_set_time_alarm1
 .text.ds3231_clear_sr
                0x0000000008000d10       0x10 ./drivers/Src/ds3231.o
                0x0000000008000d10                ds3231_clear_sr
 .text.lcd_display_clear_i2c
                0x0000000008000d20       0x14 ./drivers/Src/lcd.o
                0x0000000008000d20                lcd_display_clear_i2c
 .text.mdelay   0x0000000008000d34       0x30 ./drivers/Src/lcd.o
 .text.lcd_send_cmd
                0x0000000008000d64       0x60 ./drivers/Src/lcd.o
                0x0000000008000d64                lcd_send_cmd
 .text.lcd_send_data
                0x0000000008000dc4       0x60 ./drivers/Src/lcd.o
                0x0000000008000dc4                lcd_send_data
 .text.lcd_put_cur
                0x0000000008000e24       0x5a ./drivers/Src/lcd.o
                0x0000000008000e24                lcd_put_cur
 *fill*         0x0000000008000e7e        0x2 
 .text.lcd_init_i2c
                0x0000000008000e80       0xf0 ./drivers/Src/lcd.o
                0x0000000008000e80                lcd_init_i2c
 .text.lcd_send_string
                0x0000000008000f70       0x2a ./drivers/Src/lcd.o
                0x0000000008000f70                lcd_send_string
 .text.lcd_display_return_home_i2c
                0x0000000008000f9a       0x14 ./drivers/Src/lcd.o
                0x0000000008000f9a                lcd_display_return_home_i2c
 *fill*         0x0000000008000fae        0x2 
 .text.GPIO_PeriClockControl
                0x0000000008000fb0      0x140 ./drivers/Src/stm32f411xx_gpio_driver.o
                0x0000000008000fb0                GPIO_PeriClockControl
 .text.GPIO_Init
                0x00000000080010f0      0x30c ./drivers/Src/stm32f411xx_gpio_driver.o
                0x00000000080010f0                GPIO_Init
 .text.GPIO_ToggleOutputPin
                0x00000000080013fc       0x28 ./drivers/Src/stm32f411xx_gpio_driver.o
                0x00000000080013fc                GPIO_ToggleOutputPin
 .text.GPIO_IRQInterruptConfig
                0x0000000008001424      0x108 ./drivers/Src/stm32f411xx_gpio_driver.o
                0x0000000008001424                GPIO_IRQInterruptConfig
 .text.GPIO_IRQPriorityConfig
                0x000000000800152c       0x52 ./drivers/Src/stm32f411xx_gpio_driver.o
                0x000000000800152c                GPIO_IRQPriorityConfig
 *fill*         0x000000000800157e        0x2 
 .text.GPIO_IRQHandling
                0x0000000008001580       0x40 ./drivers/Src/stm32f411xx_gpio_driver.o
                0x0000000008001580                GPIO_IRQHandling
 .text.I2C_GenerateStartCondition
                0x00000000080015c0       0x1e ./drivers/Src/stm32f411xx_i2c_driver.o
 .text.I2C_GenerateStopCondition
                0x00000000080015de       0x1e ./drivers/Src/stm32f411xx_i2c_driver.o
                0x00000000080015de                I2C_GenerateStopCondition
 .text.I2C_ClearADDRFlag
                0x00000000080015fc       0x6e ./drivers/Src/stm32f411xx_i2c_driver.o
 .text.I2C_ExecuteAddressPhaseWrite
                0x000000000800166a       0x2a ./drivers/Src/stm32f411xx_i2c_driver.o
 .text.I2C_ExecuteAddressPhaseRead
                0x0000000008001694       0x2a ./drivers/Src/stm32f411xx_i2c_driver.o
 *fill*         0x00000000080016be        0x2 
 .text.I2C_PeriClockControl
                0x00000000080016c0       0xb0 ./drivers/Src/stm32f411xx_i2c_driver.o
                0x00000000080016c0                I2C_PeriClockControl
 .text.I2C_Init
                0x0000000008001770      0x164 ./drivers/Src/stm32f411xx_i2c_driver.o
                0x0000000008001770                I2C_Init
 .text.I2C_MasterSendData
                0x00000000080018d4       0xc6 ./drivers/Src/stm32f411xx_i2c_driver.o
                0x00000000080018d4                I2C_MasterSendData
 .text.I2C_MasterReceiveData
                0x000000000800199a      0x124 ./drivers/Src/stm32f411xx_i2c_driver.o
                0x000000000800199a                I2C_MasterReceiveData
 .text.I2C_PeripheralControl
                0x0000000008001abe       0x36 ./drivers/Src/stm32f411xx_i2c_driver.o
                0x0000000008001abe                I2C_PeripheralControl
 .text.I2C_GetFlagStatus
                0x0000000008001af4       0x26 ./drivers/Src/stm32f411xx_i2c_driver.o
                0x0000000008001af4                I2C_GetFlagStatus
 .text.I2C_ManageAcking
                0x0000000008001b1a       0x36 ./drivers/Src/stm32f411xx_i2c_driver.o
                0x0000000008001b1a                I2C_ManageAcking
 .text.RCC_GetPCLK1Value
                0x0000000008001b50       0xb0 ./drivers/Src/stm32f411xx_rcc_driver.o
                0x0000000008001b50                RCC_GetPCLK1Value
 .text.RCC_GetPLLOutputClock
                0x0000000008001c00        0xe ./drivers/Src/stm32f411xx_rcc_driver.o
                0x0000000008001c00                RCC_GetPLLOutputClock
 *fill*         0x0000000008001c0e        0x2 
 .text.__errno  0x0000000008001c10        0xc c:/st/stm32cubeide_1.8.0/stm32cubeide/plugins/com.st.stm32cube.ide.mcu.externaltools.gnu-tools-for-stm32.9-2020-q2-update.win32_2.0.0.202105311346/tools/bin/../lib/gcc/arm-none-eabi/9.3.1/../../../../arm-none-eabi/lib/thumb/v7e-m/nofp\libc_nano.a(lib_a-errno.o)
                0x0000000008001c10                __errno
 .text.__libc_init_array
                0x0000000008001c1c       0x48 c:/st/stm32cubeide_1.8.0/stm32cubeide/plugins/com.st.stm32cube.ide.mcu.externaltools.gnu-tools-for-stm32.9-2020-q2-update.win32_2.0.0.202105311346/tools/bin/../lib/gcc/arm-none-eabi/9.3.1/../../../../arm-none-eabi/lib/thumb/v7e-m/nofp\libc_nano.a(lib_a-init.o)
                0x0000000008001c1c                __libc_init_array
 .text.memset   0x0000000008001c64       0x10 c:/st/stm32cubeide_1.8.0/stm32cubeide/plugins/com.st.stm32cube.ide.mcu.externaltools.gnu-tools-for-stm32.9-2020-q2-update.win32_2.0.0.202105311346/tools/bin/../lib/gcc/arm-none-eabi/9.3.1/../../../../arm-none-eabi/lib/thumb/v7e-m/nofp\libc_nano.a(lib_a-memset.o)
                0x0000000008001c64                memset
 .text._puts_r  0x0000000008001c74       0xdc c:/st/stm32cubeide_1.8.0/stm32cubeide/plugins/com.st.stm32cube.ide.mcu.externaltools.gnu-tools-for-stm32.9-2020-q2-update.win32_2.0.0.202105311346/tools/bin/../lib/gcc/arm-none-eabi/9.3.1/../../../../arm-none-eabi/lib/thumb/v7e-m/nofp\libc_nano.a(lib_a-puts.o)
                0x0000000008001c74                _puts_r
 .text.puts     0x0000000008001d50       0x10 c:/st/stm32cubeide_1.8.0/stm32cubeide/plugins/com.st.stm32cube.ide.mcu.externaltools.gnu-tools-for-stm32.9-2020-q2-update.win32_2.0.0.202105311346/tools/bin/../lib/gcc/arm-none-eabi/9.3.1/../../../../arm-none-eabi/lib/thumb/v7e-m/nofp\libc_nano.a(lib_a-puts.o)
                0x0000000008001d50                puts
 .text.__swbuf_r
                0x0000000008001d60       0xa4 c:/st/stm32cubeide_1.8.0/stm32cubeide/plugins/com.st.stm32cube.ide.mcu.externaltools.gnu-tools-for-stm32.9-2020-q2-update.win32_2.0.0.202105311346/tools/bin/../lib/gcc/arm-none-eabi/9.3.1/../../../../arm-none-eabi/lib/thumb/v7e-m/nofp\libc_nano.a(lib_a-wbuf.o)
                0x0000000008001d60                __swbuf_r
 .text.__swsetup_r
                0x0000000008001e04       0xdc c:/st/stm32cubeide_1.8.0/stm32cubeide/plugins/com.st.stm32cube.ide.mcu.externaltools.gnu-tools-for-stm32.9-2020-q2-update.win32_2.0.0.202105311346/tools/bin/../lib/gcc/arm-none-eabi/9.3.1/../../../../arm-none-eabi/lib/thumb/v7e-m/nofp\libc_nano.a(lib_a-wsetup.o)
                0x0000000008001e04                __swsetup_r
 .text.__sflush_r
                0x0000000008001ee0      0x10c c:/st/stm32cubeide_1.8.0/stm32cubeide/plugins/com.st.stm32cube.ide.mcu.externaltools.gnu-tools-for-stm32.9-2020-q2-update.win32_2.0.0.202105311346/tools/bin/../lib/gcc/arm-none-eabi/9.3.1/../../../../arm-none-eabi/lib/thumb/v7e-m/nofp\libc_nano.a(lib_a-fflush.o)
                0x0000000008001ee0                __sflush_r
 .text._fflush_r
                0x0000000008001fec       0x78 c:/st/stm32cubeide_1.8.0/stm32cubeide/plugins/com.st.stm32cube.ide.mcu.externaltools.gnu-tools-for-stm32.9-2020-q2-update.win32_2.0.0.202105311346/tools/bin/../lib/gcc/arm-none-eabi/9.3.1/../../../../arm-none-eabi/lib/thumb/v7e-m/nofp\libc_nano.a(lib_a-fflush.o)
                0x0000000008001fec                _fflush_r
 .text.std      0x0000000008002064       0x48 c:/st/stm32cubeide_1.8.0/stm32cubeide/plugins/com.st.stm32cube.ide.mcu.externaltools.gnu-tools-for-stm32.9-2020-q2-update.win32_2.0.0.202105311346/tools/bin/../lib/gcc/arm-none-eabi/9.3.1/../../../../arm-none-eabi/lib/thumb/v7e-m/nofp\libc_nano.a(lib_a-findfp.o)
 .text._cleanup_r
                0x00000000080020ac        0xc c:/st/stm32cubeide_1.8.0/stm32cubeide/plugins/com.st.stm32cube.ide.mcu.externaltools.gnu-tools-for-stm32.9-2020-q2-update.win32_2.0.0.202105311346/tools/bin/../lib/gcc/arm-none-eabi/9.3.1/../../../../arm-none-eabi/lib/thumb/v7e-m/nofp\libc_nano.a(lib_a-findfp.o)
                0x00000000080020ac                _cleanup_r
 .text.__sfmoreglue
                0x00000000080020b8       0x2c c:/st/stm32cubeide_1.8.0/stm32cubeide/plugins/com.st.stm32cube.ide.mcu.externaltools.gnu-tools-for-stm32.9-2020-q2-update.win32_2.0.0.202105311346/tools/bin/../lib/gcc/arm-none-eabi/9.3.1/../../../../arm-none-eabi/lib/thumb/v7e-m/nofp\libc_nano.a(lib_a-findfp.o)
                0x00000000080020b8                __sfmoreglue
 .text.__sfp_lock_acquire
                0x00000000080020e4        0xc c:/st/stm32cubeide_1.8.0/stm32cubeide/plugins/com.st.stm32cube.ide.mcu.externaltools.gnu-tools-for-stm32.9-2020-q2-update.win32_2.0.0.202105311346/tools/bin/../lib/gcc/arm-none-eabi/9.3.1/../../../../arm-none-eabi/lib/thumb/v7e-m/nofp\libc_nano.a(lib_a-findfp.o)
                0x00000000080020e4                __sfp_lock_acquire
 .text.__sfp_lock_release
                0x00000000080020f0        0xc c:/st/stm32cubeide_1.8.0/stm32cubeide/plugins/com.st.stm32cube.ide.mcu.externaltools.gnu-tools-for-stm32.9-2020-q2-update.win32_2.0.0.202105311346/tools/bin/../lib/gcc/arm-none-eabi/9.3.1/../../../../arm-none-eabi/lib/thumb/v7e-m/nofp\libc_nano.a(lib_a-findfp.o)
                0x00000000080020f0                __sfp_lock_release
 .text.__sinit_lock_acquire
                0x00000000080020fc        0xc c:/st/stm32cubeide_1.8.0/stm32cubeide/plugins/com.st.stm32cube.ide.mcu.externaltools.gnu-tools-for-stm32.9-2020-q2-update.win32_2.0.0.202105311346/tools/bin/../lib/gcc/arm-none-eabi/9.3.1/../../../../arm-none-eabi/lib/thumb/v7e-m/nofp\libc_nano.a(lib_a-findfp.o)
                0x00000000080020fc                __sinit_lock_acquire
 .text.__sinit_lock_release
                0x0000000008002108        0xc c:/st/stm32cubeide_1.8.0/stm32cubeide/plugins/com.st.stm32cube.ide.mcu.externaltools.gnu-tools-for-stm32.9-2020-q2-update.win32_2.0.0.202105311346/tools/bin/../lib/gcc/arm-none-eabi/9.3.1/../../../../arm-none-eabi/lib/thumb/v7e-m/nofp\libc_nano.a(lib_a-findfp.o)
                0x0000000008002108                __sinit_lock_release
 .text.__sinit  0x0000000008002114       0x70 c:/st/stm32cubeide_1.8.0/stm32cubeide/plugins/com.st.stm32cube.ide.mcu.externaltools.gnu-tools-for-stm32.9-2020-q2-update.win32_2.0.0.202105311346/tools/bin/../lib/gcc/arm-none-eabi/9.3.1/../../../../arm-none-eabi/lib/thumb/v7e-m/nofp\libc_nano.a(lib_a-findfp.o)
                0x0000000008002114                __sinit
 .text.__sfp    0x0000000008002184       0x8c c:/st/stm32cubeide_1.8.0/stm32cubeide/plugins/com.st.stm32cube.ide.mcu.externaltools.gnu-tools-for-stm32.9-2020-q2-update.win32_2.0.0.202105311346/tools/bin/../lib/gcc/arm-none-eabi/9.3.1/../../../../arm-none-eabi/lib/thumb/v7e-m/nofp\libc_nano.a(lib_a-findfp.o)
                0x0000000008002184                __sfp
 .text._fwalk_reent
                0x0000000008002210       0x3e c:/st/stm32cubeide_1.8.0/stm32cubeide/plugins/com.st.stm32cube.ide.mcu.externaltools.gnu-tools-for-stm32.9-2020-q2-update.win32_2.0.0.202105311346/tools/bin/../lib/gcc/arm-none-eabi/9.3.1/../../../../arm-none-eabi/lib/thumb/v7e-m/nofp\libc_nano.a(lib_a-fwalk.o)
                0x0000000008002210                _fwalk_reent
 .text.__retarget_lock_init_recursive
                0x000000000800224e        0x2 c:/st/stm32cubeide_1.8.0/stm32cubeide/plugins/com.st.stm32cube.ide.mcu.externaltools.gnu-tools-for-stm32.9-2020-q2-update.win32_2.0.0.202105311346/tools/bin/../lib/gcc/arm-none-eabi/9.3.1/../../../../arm-none-eabi/lib/thumb/v7e-m/nofp\libc_nano.a(lib_a-lock.o)
                0x000000000800224e                __retarget_lock_init_recursive
 .text.__retarget_lock_acquire_recursive
                0x0000000008002250        0x2 c:/st/stm32cubeide_1.8.0/stm32cubeide/plugins/com.st.stm32cube.ide.mcu.externaltools.gnu-tools-for-stm32.9-2020-q2-update.win32_2.0.0.202105311346/tools/bin/../lib/gcc/arm-none-eabi/9.3.1/../../../../arm-none-eabi/lib/thumb/v7e-m/nofp\libc_nano.a(lib_a-lock.o)
                0x0000000008002250                __retarget_lock_acquire_recursive
 .text.__retarget_lock_release_recursive
                0x0000000008002252        0x2 c:/st/stm32cubeide_1.8.0/stm32cubeide/plugins/com.st.stm32cube.ide.mcu.externaltools.gnu-tools-for-stm32.9-2020-q2-update.win32_2.0.0.202105311346/tools/bin/../lib/gcc/arm-none-eabi/9.3.1/../../../../arm-none-eabi/lib/thumb/v7e-m/nofp\libc_nano.a(lib_a-lock.o)
                0x0000000008002252                __retarget_lock_release_recursive
 .text.__swhatbuf_r
                0x0000000008002254       0x48 c:/st/stm32cubeide_1.8.0/stm32cubeide/plugins/com.st.stm32cube.ide.mcu.externaltools.gnu-tools-for-stm32.9-2020-q2-update.win32_2.0.0.202105311346/tools/bin/../lib/gcc/arm-none-eabi/9.3.1/../../../../arm-none-eabi/lib/thumb/v7e-m/nofp\libc_nano.a(lib_a-makebuf.o)
                0x0000000008002254                __swhatbuf_r
 .text.__smakebuf_r
                0x000000000800229c       0x80 c:/st/stm32cubeide_1.8.0/stm32cubeide/plugins/com.st.stm32cube.ide.mcu.externaltools.gnu-tools-for-stm32.9-2020-q2-update.win32_2.0.0.202105311346/tools/bin/../lib/gcc/arm-none-eabi/9.3.1/../../../../arm-none-eabi/lib/thumb/v7e-m/nofp\libc_nano.a(lib_a-makebuf.o)
                0x000000000800229c                __smakebuf_r
 .text._free_r  0x000000000800231c       0x9c c:/st/stm32cubeide_1.8.0/stm32cubeide/plugins/com.st.stm32cube.ide.mcu.externaltools.gnu-tools-for-stm32.9-2020-q2-update.win32_2.0.0.202105311346/tools/bin/../lib/gcc/arm-none-eabi/9.3.1/../../../../arm-none-eabi/lib/thumb/v7e-m/nofp\libc_nano.a(lib_a-nano-freer.o)
                0x000000000800231c                _free_r
 .text._malloc_r
                0x00000000080023b8       0xb4 c:/st/stm32cubeide_1.8.0/stm32cubeide/plugins/com.st.stm32cube.ide.mcu.externaltools.gnu-tools-for-stm32.9-2020-q2-update.win32_2.0.0.202105311346/tools/bin/../lib/gcc/arm-none-eabi/9.3.1/../../../../arm-none-eabi/lib/thumb/v7e-m/nofp\libc_nano.a(lib_a-nano-mallocr.o)
                0x00000000080023b8                _malloc_r
 .text._sbrk_r  0x000000000800246c       0x20 c:/st/stm32cubeide_1.8.0/stm32cubeide/plugins/com.st.stm32cube.ide.mcu.externaltools.gnu-tools-for-stm32.9-2020-q2-update.win32_2.0.0.202105311346/tools/bin/../lib/gcc/arm-none-eabi/9.3.1/../../../../arm-none-eabi/lib/thumb/v7e-m/nofp\libc_nano.a(lib_a-sbrkr.o)
                0x000000000800246c                _sbrk_r
 .text.__sread  0x000000000800248c       0x22 c:/st/stm32cubeide_1.8.0/stm32cubeide/plugins/com.st.stm32cube.ide.mcu.externaltools.gnu-tools-for-stm32.9-2020-q2-update.win32_2.0.0.202105311346/tools/bin/../lib/gcc/arm-none-eabi/9.3.1/../../../../arm-none-eabi/lib/thumb/v7e-m/nofp\libc_nano.a(lib_a-stdio.o)
                0x000000000800248c                __sread
 .text.__swrite
                0x00000000080024ae       0x38 c:/st/stm32cubeide_1.8.0/stm32cubeide/plugins/com.st.stm32cube.ide.mcu.externaltools.gnu-tools-for-stm32.9-2020-q2-update.win32_2.0.0.202105311346/tools/bin/../lib/gcc/arm-none-eabi/9.3.1/../../../../arm-none-eabi/lib/thumb/v7e-m/nofp\libc_nano.a(lib_a-stdio.o)
                0x00000000080024ae                __swrite
 .text.__sseek  0x00000000080024e6       0x24 c:/st/stm32cubeide_1.8.0/stm32cubeide/plugins/com.st.stm32cube.ide.mcu.externaltools.gnu-tools-for-stm32.9-2020-q2-update.win32_2.0.0.202105311346/tools/bin/../lib/gcc/arm-none-eabi/9.3.1/../../../../arm-none-eabi/lib/thumb/v7e-m/nofp\libc_nano.a(lib_a-stdio.o)
                0x00000000080024e6                __sseek
 .text.__sclose
                0x000000000800250a        0x8 c:/st/stm32cubeide_1.8.0/stm32cubeide/plugins/com.st.stm32cube.ide.mcu.externaltools.gnu-tools-for-stm32.9-2020-q2-update.win32_2.0.0.202105311346/tools/bin/../lib/gcc/arm-none-eabi/9.3.1/../../../../arm-none-eabi/lib/thumb/v7e-m/nofp\libc_nano.a(lib_a-stdio.o)
                0x000000000800250a                __sclose
 *fill*         0x0000000008002512        0x2 
 .text._write_r
                0x0000000008002514       0x24 c:/st/stm32cubeide_1.8.0/stm32cubeide/plugins/com.st.stm32cube.ide.mcu.externaltools.gnu-tools-for-stm32.9-2020-q2-update.win32_2.0.0.202105311346/tools/bin/../lib/gcc/arm-none-eabi/9.3.1/../../../../arm-none-eabi/lib/thumb/v7e-m/nofp\libc_nano.a(lib_a-writer.o)
                0x0000000008002514                _write_r
 .text._close_r
                0x0000000008002538       0x20 c:/st/stm32cubeide_1.8.0/stm32cubeide/plugins/com.st.stm32cube.ide.mcu.externaltools.gnu-tools-for-stm32.9-2020-q2-update.win32_2.0.0.202105311346/tools/bin/../lib/gcc/arm-none-eabi/9.3.1/../../../../arm-none-eabi/lib/thumb/v7e-m/nofp\libc_nano.a(lib_a-closer.o)
                0x0000000008002538                _close_r
 .text._fstat_r
                0x0000000008002558       0x24 c:/st/stm32cubeide_1.8.0/stm32cubeide/plugins/com.st.stm32cube.ide.mcu.externaltools.gnu-tools-for-stm32.9-2020-q2-update.win32_2.0.0.202105311346/tools/bin/../lib/gcc/arm-none-eabi/9.3.1/../../../../arm-none-eabi/lib/thumb/v7e-m/nofp\libc_nano.a(lib_a-fstatr.o)
                0x0000000008002558                _fstat_r
 .text._isatty_r
                0x000000000800257c       0x20 c:/st/stm32cubeide_1.8.0/stm32cubeide/plugins/com.st.stm32cube.ide.mcu.externaltools.gnu-tools-for-stm32.9-2020-q2-update.win32_2.0.0.202105311346/tools/bin/../lib/gcc/arm-none-eabi/9.3.1/../../../../arm-none-eabi/lib/thumb/v7e-m/nofp\libc_nano.a(lib_a-isattyr.o)
                0x000000000800257c                _isatty_r
 .text._lseek_r
                0x000000000800259c       0x24 c:/st/stm32cubeide_1.8.0/stm32cubeide/plugins/com.st.stm32cube.ide.mcu.externaltools.gnu-tools-for-stm32.9-2020-q2-update.win32_2.0.0.202105311346/tools/bin/../lib/gcc/arm-none-eabi/9.3.1/../../../../arm-none-eabi/lib/thumb/v7e-m/nofp\libc_nano.a(lib_a-lseekr.o)
                0x000000000800259c                _lseek_r
 .text.__malloc_lock
                0x00000000080025c0        0xc c:/st/stm32cubeide_1.8.0/stm32cubeide/plugins/com.st.stm32cube.ide.mcu.externaltools.gnu-tools-for-stm32.9-2020-q2-update.win32_2.0.0.202105311346/tools/bin/../lib/gcc/arm-none-eabi/9.3.1/../../../../arm-none-eabi/lib/thumb/v7e-m/nofp\libc_nano.a(lib_a-mlock.o)
                0x00000000080025c0                __malloc_lock
 .text.__malloc_unlock
                0x00000000080025cc        0xc c:/st/stm32cubeide_1.8.0/stm32cubeide/plugins/com.st.stm32cube.ide.mcu.externaltools.gnu-tools-for-stm32.9-2020-q2-update.win32_2.0.0.202105311346/tools/bin/../lib/gcc/arm-none-eabi/9.3.1/../../../../arm-none-eabi/lib/thumb/v7e-m/nofp\libc_nano.a(lib_a-mlock.o)
                0x00000000080025cc                __malloc_unlock
 .text._read_r  0x00000000080025d8       0x24 c:/st/stm32cubeide_1.8.0/stm32cubeide/plugins/com.st.stm32cube.ide.mcu.externaltools.gnu-tools-for-stm32.9-2020-q2-update.win32_2.0.0.202105311346/tools/bin/../lib/gcc/arm-none-eabi/9.3.1/../../../../arm-none-eabi/lib/thumb/v7e-m/nofp\libc_nano.a(lib_a-readr.o)
                0x00000000080025d8                _read_r
 *(.glue_7)
 .glue_7        0x00000000080025fc        0x0 linker stubs
 *(.glue_7t)
 .glue_7t       0x00000000080025fc        0x0 linker stubs
 *(.eh_frame)
 .eh_frame      0x00000000080025fc        0x0 c:/st/stm32cubeide_1.8.0/stm32cubeide/plugins/com.st.stm32cube.ide.mcu.externaltools.gnu-tools-for-stm32.9-2020-q2-update.win32_2.0.0.202105311346/tools/bin/../lib/gcc/arm-none-eabi/9.3.1/thumb/v7e-m/nofp/crtbegin.o
 *(.init)
 .init          0x00000000080025fc        0x4 c:/st/stm32cubeide_1.8.0/stm32cubeide/plugins/com.st.stm32cube.ide.mcu.externaltools.gnu-tools-for-stm32.9-2020-q2-update.win32_2.0.0.202105311346/tools/bin/../lib/gcc/arm-none-eabi/9.3.1/thumb/v7e-m/nofp/crti.o
                0x00000000080025fc                _init
 .init          0x0000000008002600        0x8 c:/st/stm32cubeide_1.8.0/stm32cubeide/plugins/com.st.stm32cube.ide.mcu.externaltools.gnu-tools-for-stm32.9-2020-q2-update.win32_2.0.0.202105311346/tools/bin/../lib/gcc/arm-none-eabi/9.3.1/thumb/v7e-m/nofp/crtn.o
 *(.fini)
 .fini          0x0000000008002608        0x4 c:/st/stm32cubeide_1.8.0/stm32cubeide/plugins/com.st.stm32cube.ide.mcu.externaltools.gnu-tools-for-stm32.9-2020-q2-update.win32_2.0.0.202105311346/tools/bin/../lib/gcc/arm-none-eabi/9.3.1/thumb/v7e-m/nofp/crti.o
                0x0000000008002608                _fini
 .fini          0x000000000800260c        0x8 c:/st/stm32cubeide_1.8.0/stm32cubeide/plugins/com.st.stm32cube.ide.mcu.externaltools.gnu-tools-for-stm32.9-2020-q2-update.win32_2.0.0.202105311346/tools/bin/../lib/gcc/arm-none-eabi/9.3.1/thumb/v7e-m/nofp/crtn.o
                0x0000000008002614                . = ALIGN (0x4)
                0x0000000008002614                _etext = .

.vfp11_veneer   0x0000000008002614        0x0
 .vfp11_veneer  0x0000000008002614        0x0 linker stubs

.v4_bx          0x0000000008002614        0x0
 .v4_bx         0x0000000008002614        0x0 linker stubs

.iplt           0x0000000008002614        0x0
 .iplt          0x0000000008002614        0x0 c:/st/stm32cubeide_1.8.0/stm32cubeide/plugins/com.st.stm32cube.ide.mcu.externaltools.gnu-tools-for-stm32.9-2020-q2-update.win32_2.0.0.202105311346/tools/bin/../lib/gcc/arm-none-eabi/9.3.1/thumb/v7e-m/nofp/crtbegin.o

.rodata         0x0000000008002614       0xc0
                0x0000000008002614                . = ALIGN (0x4)
 *(.rodata)
 .rodata        0x0000000008002614       0x5b ./drivers/Src/15_I2C_lcd1602_rtc.o
 *(.rodata*)
 *fill*         0x000000000800266f        0x1 
 .rodata._global_impure_ptr
                0x0000000008002670        0x4 c:/st/stm32cubeide_1.8.0/stm32cubeide/plugins/com.st.stm32cube.ide.mcu.externaltools.gnu-tools-for-stm32.9-2020-q2-update.win32_2.0.0.202105311346/tools/bin/../lib/gcc/arm-none-eabi/9.3.1/../../../../arm-none-eabi/lib/thumb/v7e-m/nofp\libc_nano.a(lib_a-impure.o)
                0x0000000008002670                _global_impure_ptr
 .rodata.__sf_fake_stderr
                0x0000000008002674       0x20 c:/st/stm32cubeide_1.8.0/stm32cubeide/plugins/com.st.stm32cube.ide.mcu.externaltools.gnu-tools-for-stm32.9-2020-q2-update.win32_2.0.0.202105311346/tools/bin/../lib/gcc/arm-none-eabi/9.3.1/../../../../arm-none-eabi/lib/thumb/v7e-m/nofp\libc_nano.a(lib_a-findfp.o)
                0x0000000008002674                __sf_fake_stderr
 .rodata.__sf_fake_stdin
                0x0000000008002694       0x20 c:/st/stm32cubeide_1.8.0/stm32cubeide/plugins/com.st.stm32cube.ide.mcu.externaltools.gnu-tools-for-stm32.9-2020-q2-update.win32_2.0.0.202105311346/tools/bin/../lib/gcc/arm-none-eabi/9.3.1/../../../../arm-none-eabi/lib/thumb/v7e-m/nofp\libc_nano.a(lib_a-findfp.o)
                0x0000000008002694                __sf_fake_stdin
 .rodata.__sf_fake_stdout
                0x00000000080026b4       0x20 c:/st/stm32cubeide_1.8.0/stm32cubeide/plugins/com.st.stm32cube.ide.mcu.externaltools.gnu-tools-for-stm32.9-2020-q2-update.win32_2.0.0.202105311346/tools/bin/../lib/gcc/arm-none-eabi/9.3.1/../../../../arm-none-eabi/lib/thumb/v7e-m/nofp\libc_nano.a(lib_a-findfp.o)
                0x00000000080026b4                __sf_fake_stdout
                0x00000000080026d4                . = ALIGN (0x4)

.rel.dyn        0x00000000080026d4        0x0
 .rel.iplt      0x00000000080026d4        0x0 c:/st/stm32cubeide_1.8.0/stm32cubeide/plugins/com.st.stm32cube.ide.mcu.externaltools.gnu-tools-for-stm32.9-2020-q2-update.win32_2.0.0.202105311346/tools/bin/../lib/gcc/arm-none-eabi/9.3.1/thumb/v7e-m/nofp/crtbegin.o

.ARM.extab      0x00000000080026d4        0x0
                0x00000000080026d4                . = ALIGN (0x4)
 *(.ARM.extab* .gnu.linkonce.armextab.*)
                0x00000000080026d4                . = ALIGN (0x4)

.ARM            0x00000000080026d4        0x0
                0x00000000080026d4                . = ALIGN (0x4)
                0x00000000080026d4                __exidx_start = .
 *(.ARM.exidx*)
                0x00000000080026d4                __exidx_end = .
                0x00000000080026d4                . = ALIGN (0x4)

.preinit_array  0x00000000080026d4        0x0
                0x00000000080026d4                . = ALIGN (0x4)
                0x00000000080026d4                PROVIDE (__preinit_array_start = .)
 *(.preinit_array*)
                0x00000000080026d4                PROVIDE (__preinit_array_end = .)
                0x00000000080026d4                . = ALIGN (0x4)

.init_array     0x00000000080026d4        0x4
                0x00000000080026d4                . = ALIGN (0x4)
                0x00000000080026d4                PROVIDE (__init_array_start = .)
 *(SORT_BY_NAME(.init_array.*))
 *(.init_array*)
 .init_array    0x00000000080026d4        0x4 c:/st/stm32cubeide_1.8.0/stm32cubeide/plugins/com.st.stm32cube.ide.mcu.externaltools.gnu-tools-for-stm32.9-2020-q2-update.win32_2.0.0.202105311346/tools/bin/../lib/gcc/arm-none-eabi/9.3.1/thumb/v7e-m/nofp/crtbegin.o
                0x00000000080026d8                PROVIDE (__init_array_end = .)
                0x00000000080026d8                . = ALIGN (0x4)

.fini_array     0x00000000080026d8        0x4
                0x00000000080026d8                . = ALIGN (0x4)
                [!provide]                        PROVIDE (__fini_array_start = .)
 *(SORT_BY_NAME(.fini_array.*))
 *(.fini_array*)
 .fini_array    0x00000000080026d8        0x4 c:/st/stm32cubeide_1.8.0/stm32cubeide/plugins/com.st.stm32cube.ide.mcu.externaltools.gnu-tools-for-stm32.9-2020-q2-update.win32_2.0.0.202105311346/tools/bin/../lib/gcc/arm-none-eabi/9.3.1/thumb/v7e-m/nofp/crtbegin.o
                [!provide]                        PROVIDE (__fini_array_end = .)
                0x00000000080026dc                . = ALIGN (0x4)
                0x00000000080026dc                _sidata = LOADADDR (.data)

.data           0x0000000020000000       0x78 load address 0x00000000080026dc
                0x0000000020000000                . = ALIGN (0x4)
                0x0000000020000000                _sdata = .
 *(.data)
 *(.data*)
 .data.AHB_PreScaler
                0x0000000020000000       0x10 ./drivers/Src/stm32f411xx_rcc_driver.o
                0x0000000020000000                AHB_PreScaler
 .data.APB1_PreScaler
                0x0000000020000010        0x4 ./drivers/Src/stm32f411xx_rcc_driver.o
                0x0000000020000010                APB1_PreScaler
 .data._impure_ptr
                0x0000000020000014        0x4 c:/st/stm32cubeide_1.8.0/stm32cubeide/plugins/com.st.stm32cube.ide.mcu.externaltools.gnu-tools-for-stm32.9-2020-q2-update.win32_2.0.0.202105311346/tools/bin/../lib/gcc/arm-none-eabi/9.3.1/../../../../arm-none-eabi/lib/thumb/v7e-m/nofp\libc_nano.a(lib_a-impure.o)
                0x0000000020000014                _impure_ptr
 .data.impure_data
                0x0000000020000018       0x60 c:/st/stm32cubeide_1.8.0/stm32cubeide/plugins/com.st.stm32cube.ide.mcu.externaltools.gnu-tools-for-stm32.9-2020-q2-update.win32_2.0.0.202105311346/tools/bin/../lib/gcc/arm-none-eabi/9.3.1/../../../../arm-none-eabi/lib/thumb/v7e-m/nofp\libc_nano.a(lib_a-impure.o)
 *(.RamFunc)
 *(.RamFunc*)
                0x0000000020000078                . = ALIGN (0x4)
                0x0000000020000078                _edata = .

.igot.plt       0x0000000020000078        0x0 load address 0x0000000008002754
 .igot.plt      0x0000000020000078        0x0 c:/st/stm32cubeide_1.8.0/stm32cubeide/plugins/com.st.stm32cube.ide.mcu.externaltools.gnu-tools-for-stm32.9-2020-q2-update.win32_2.0.0.202105311346/tools/bin/../lib/gcc/arm-none-eabi/9.3.1/thumb/v7e-m/nofp/crtbegin.o
                0x0000000020000078                . = ALIGN (0x4)

.bss            0x0000000020000078       0xa0 load address 0x0000000008002754
                0x0000000020000078                _sbss = .
                0x0000000020000078                __bss_start__ = _sbss
 *(.bss)
 .bss           0x0000000020000078       0x1c c:/st/stm32cubeide_1.8.0/stm32cubeide/plugins/com.st.stm32cube.ide.mcu.externaltools.gnu-tools-for-stm32.9-2020-q2-update.win32_2.0.0.202105311346/tools/bin/../lib/gcc/arm-none-eabi/9.3.1/thumb/v7e-m/nofp/crtbegin.o
 *(.bss*)
 .bss.__sbrk_heap_end
                0x0000000020000094        0x4 ./Src/sysmem.o
 .bss.buf.5866  0x0000000020000098        0x9 ./drivers/Src/15_I2C_lcd1602_rtc.o
 *fill*         0x00000000200000a1        0x3 
 .bss.buf.5870  0x00000000200000a4        0x9 ./drivers/Src/15_I2C_lcd1602_rtc.o
 *fill*         0x00000000200000ad        0x3 
 .bss.__malloc_free_list
                0x00000000200000b0        0x4 c:/st/stm32cubeide_1.8.0/stm32cubeide/plugins/com.st.stm32cube.ide.mcu.externaltools.gnu-tools-for-stm32.9-2020-q2-update.win32_2.0.0.202105311346/tools/bin/../lib/gcc/arm-none-eabi/9.3.1/../../../../arm-none-eabi/lib/thumb/v7e-m/nofp\libc_nano.a(lib_a-nano-mallocr.o)
                0x00000000200000b0                __malloc_free_list
 .bss.__malloc_sbrk_start
                0x00000000200000b4        0x4 c:/st/stm32cubeide_1.8.0/stm32cubeide/plugins/com.st.stm32cube.ide.mcu.externaltools.gnu-tools-for-stm32.9-2020-q2-update.win32_2.0.0.202105311346/tools/bin/../lib/gcc/arm-none-eabi/9.3.1/../../../../arm-none-eabi/lib/thumb/v7e-m/nofp\libc_nano.a(lib_a-nano-mallocr.o)
                0x00000000200000b4                __malloc_sbrk_start
 *(COMMON)
 COMMON         0x00000000200000b8       0x28 ./drivers/Src/ds3231.o
                0x00000000200000b8                g_ds3231I2cHandle
 COMMON         0x00000000200000e0       0x28 ./drivers/Src/lcd.o
                0x00000000200000e0                hi2c2
 COMMON         0x0000000020000108        0x9 c:/st/stm32cubeide_1.8.0/stm32cubeide/plugins/com.st.stm32cube.ide.mcu.externaltools.gnu-tools-for-stm32.9-2020-q2-update.win32_2.0.0.202105311346/tools/bin/../lib/gcc/arm-none-eabi/9.3.1/../../../../arm-none-eabi/lib/thumb/v7e-m/nofp\libc_nano.a(lib_a-lock.o)
                0x0000000020000108                __lock___atexit_recursive_mutex
                0x0000000020000109                __lock___arc4random_mutex
                0x000000002000010a                __lock___env_recursive_mutex
                0x000000002000010b                __lock___sinit_recursive_mutex
                0x000000002000010c                __lock___malloc_recursive_mutex
                0x000000002000010d                __lock___at_quick_exit_mutex
                0x000000002000010e                __lock___dd_hash_mutex
                0x000000002000010f                __lock___tz_mutex
                0x0000000020000110                __lock___sfp_recursive_mutex
 *fill*         0x0000000020000111        0x3 
 COMMON         0x0000000020000114        0x4 c:/st/stm32cubeide_1.8.0/stm32cubeide/plugins/com.st.stm32cube.ide.mcu.externaltools.gnu-tools-for-stm32.9-2020-q2-update.win32_2.0.0.202105311346/tools/bin/../lib/gcc/arm-none-eabi/9.3.1/../../../../arm-none-eabi/lib/thumb/v7e-m/nofp\libc_nano.a(lib_a-reent.o)
                0x0000000020000114                errno
                0x0000000020000118                . = ALIGN (0x4)
                0x0000000020000118                _ebss = .
                0x0000000020000118                __bss_end__ = _ebss

._user_heap_stack
                0x0000000020000118      0x600 load address 0x0000000008002754
                0x0000000020000118                . = ALIGN (0x8)
                [!provide]                        PROVIDE (end = .)
                0x0000000020000118                PROVIDE (_end = .)
                0x0000000020000318                . = (. + _Min_Heap_Size)
 *fill*         0x0000000020000118      0x200 
                0x0000000020000718                . = (. + _Min_Stack_Size)
 *fill*         0x0000000020000318      0x400 
                0x0000000020000718                . = ALIGN (0x8)

/DISCARD/
 libc.a(*)
 libm.a(*)
 libgcc.a(*)

.ARM.attributes
                0x0000000000000000       0x2a
 *(.ARM.attributes)
 .ARM.attributes
                0x0000000000000000       0x1e c:/st/stm32cubeide_1.8.0/stm32cubeide/plugins/com.st.stm32cube.ide.mcu.externaltools.gnu-tools-for-stm32.9-2020-q2-update.win32_2.0.0.202105311346/tools/bin/../lib/gcc/arm-none-eabi/9.3.1/thumb/v7e-m/nofp/crti.o
 .ARM.attributes
                0x000000000000001e       0x2e c:/st/stm32cubeide_1.8.0/stm32cubeide/plugins/com.st.stm32cube.ide.mcu.externaltools.gnu-tools-for-stm32.9-2020-q2-update.win32_2.0.0.202105311346/tools/bin/../lib/gcc/arm-none-eabi/9.3.1/thumb/v7e-m/nofp/crtbegin.o
 .ARM.attributes
                0x000000000000004c       0x2e ./Src/syscalls.o
 .ARM.attributes
                0x000000000000007a       0x2e ./Src/sysmem.o
 .ARM.attributes
                0x00000000000000a8       0x21 ./Startup/startup_stm32f411vetx.o
 .ARM.attributes
                0x00000000000000c9       0x2e ./drivers/Src/15_I2C_lcd1602_rtc.o
 .ARM.attributes
                0x00000000000000f7       0x2e ./drivers/Src/ds3231.o
 .ARM.attributes
                0x0000000000000125       0x2e ./drivers/Src/lcd.o
 .ARM.attributes
                0x0000000000000153       0x2e ./drivers/Src/stm32f411xx_gpio_driver.o
 .ARM.attributes
                0x0000000000000181       0x2e ./drivers/Src/stm32f411xx_i2c_driver.o
 .ARM.attributes
                0x00000000000001af       0x2e ./drivers/Src/stm32f411xx_rcc_driver.o
 .ARM.attributes
                0x00000000000001dd       0x2e c:/st/stm32cubeide_1.8.0/stm32cubeide/plugins/com.st.stm32cube.ide.mcu.externaltools.gnu-tools-for-stm32.9-2020-q2-update.win32_2.0.0.202105311346/tools/bin/../lib/gcc/arm-none-eabi/9.3.1/../../../../arm-none-eabi/lib/thumb/v7e-m/nofp\libc_nano.a(lib_a-errno.o)
 .ARM.attributes
                0x000000000000020b       0x2e c:/st/stm32cubeide_1.8.0/stm32cubeide/plugins/com.st.stm32cube.ide.mcu.externaltools.gnu-tools-for-stm32.9-2020-q2-update.win32_2.0.0.202105311346/tools/bin/../lib/gcc/arm-none-eabi/9.3.1/../../../../arm-none-eabi/lib/thumb/v7e-m/nofp\libc_nano.a(lib_a-impure.o)
 .ARM.attributes
                0x0000000000000239       0x2e c:/st/stm32cubeide_1.8.0/stm32cubeide/plugins/com.st.stm32cube.ide.mcu.externaltools.gnu-tools-for-stm32.9-2020-q2-update.win32_2.0.0.202105311346/tools/bin/../lib/gcc/arm-none-eabi/9.3.1/../../../../arm-none-eabi/lib/thumb/v7e-m/nofp\libc_nano.a(lib_a-init.o)
 .ARM.attributes
                0x0000000000000267       0x2e c:/st/stm32cubeide_1.8.0/stm32cubeide/plugins/com.st.stm32cube.ide.mcu.externaltools.gnu-tools-for-stm32.9-2020-q2-update.win32_2.0.0.202105311346/tools/bin/../lib/gcc/arm-none-eabi/9.3.1/../../../../arm-none-eabi/lib/thumb/v7e-m/nofp\libc_nano.a(lib_a-memset.o)
 .ARM.attributes
                0x0000000000000295       0x2e c:/st/stm32cubeide_1.8.0/stm32cubeide/plugins/com.st.stm32cube.ide.mcu.externaltools.gnu-tools-for-stm32.9-2020-q2-update.win32_2.0.0.202105311346/tools/bin/../lib/gcc/arm-none-eabi/9.3.1/../../../../arm-none-eabi/lib/thumb/v7e-m/nofp\libc_nano.a(lib_a-puts.o)
 .ARM.attributes
                0x00000000000002c3       0x2e c:/st/stm32cubeide_1.8.0/stm32cubeide/plugins/com.st.stm32cube.ide.mcu.externaltools.gnu-tools-for-stm32.9-2020-q2-update.win32_2.0.0.202105311346/tools/bin/../lib/gcc/arm-none-eabi/9.3.1/../../../../arm-none-eabi/lib/thumb/v7e-m/nofp\libc_nano.a(lib_a-wbuf.o)
 .ARM.attributes
                0x00000000000002f1       0x2e c:/st/stm32cubeide_1.8.0/stm32cubeide/plugins/com.st.stm32cube.ide.mcu.externaltools.gnu-tools-for-stm32.9-2020-q2-update.win32_2.0.0.202105311346/tools/bin/../lib/gcc/arm-none-eabi/9.3.1/../../../../arm-none-eabi/lib/thumb/v7e-m/nofp\libc_nano.a(lib_a-wsetup.o)
 .ARM.attributes
                0x000000000000031f       0x2e c:/st/stm32cubeide_1.8.0/stm32cubeide/plugins/com.st.stm32cube.ide.mcu.externaltools.gnu-tools-for-stm32.9-2020-q2-update.win32_2.0.0.202105311346/tools/bin/../lib/gcc/arm-none-eabi/9.3.1/../../../../arm-none-eabi/lib/thumb/v7e-m/nofp\libc_nano.a(lib_a-fflush.o)
 .ARM.attributes
                0x000000000000034d       0x2e c:/st/stm32cubeide_1.8.0/stm32cubeide/plugins/com.st.stm32cube.ide.mcu.externaltools.gnu-tools-for-stm32.9-2020-q2-update.win32_2.0.0.202105311346/tools/bin/../lib/gcc/arm-none-eabi/9.3.1/../../../../arm-none-eabi/lib/thumb/v7e-m/nofp\libc_nano.a(lib_a-findfp.o)
 .ARM.attributes
                0x000000000000037b       0x2e c:/st/stm32cubeide_1.8.0/stm32cubeide/plugins/com.st.stm32cube.ide.mcu.externaltools.gnu-tools-for-stm32.9-2020-q2-update.win32_2.0.0.202105311346/tools/bin/../lib/gcc/arm-none-eabi/9.3.1/../../../../arm-none-eabi/lib/thumb/v7e-m/nofp\libc_nano.a(lib_a-fwalk.o)
 .ARM.attributes
                0x00000000000003a9       0x2e c:/st/stm32cubeide_1.8.0/stm32cubeide/plugins/com.st.stm32cube.ide.mcu.externaltools.gnu-tools-for-stm32.9-2020-q2-update.win32_2.0.0.202105311346/tools/bin/../lib/gcc/arm-none-eabi/9.3.1/../../../../arm-none-eabi/lib/thumb/v7e-m/nofp\libc_nano.a(lib_a-lock.o)
 .ARM.attributes
                0x00000000000003d7       0x2e c:/st/stm32cubeide_1.8.0/stm32cubeide/plugins/com.st.stm32cube.ide.mcu.externaltools.gnu-tools-for-stm32.9-2020-q2-update.win32_2.0.0.202105311346/tools/bin/../lib/gcc/arm-none-eabi/9.3.1/../../../../arm-none-eabi/lib/thumb/v7e-m/nofp\libc_nano.a(lib_a-makebuf.o)
 .ARM.attributes
                0x0000000000000405       0x2e c:/st/stm32cubeide_1.8.0/stm32cubeide/plugins/com.st.stm32cube.ide.mcu.externaltools.gnu-tools-for-stm32.9-2020-q2-update.win32_2.0.0.202105311346/tools/bin/../lib/gcc/arm-none-eabi/9.3.1/../../../../arm-none-eabi/lib/thumb/v7e-m/nofp\libc_nano.a(lib_a-nano-freer.o)
 .ARM.attributes
                0x0000000000000433       0x2e c:/st/stm32cubeide_1.8.0/stm32cubeide/plugins/com.st.stm32cube.ide.mcu.externaltools.gnu-tools-for-stm32.9-2020-q2-update.win32_2.0.0.202105311346/tools/bin/../lib/gcc/arm-none-eabi/9.3.1/../../../../arm-none-eabi/lib/thumb/v7e-m/nofp\libc_nano.a(lib_a-nano-mallocr.o)
 .ARM.attributes
                0x0000000000000461       0x2e c:/st/stm32cubeide_1.8.0/stm32cubeide/plugins/com.st.stm32cube.ide.mcu.externaltools.gnu-tools-for-stm32.9-2020-q2-update.win32_2.0.0.202105311346/tools/bin/../lib/gcc/arm-none-eabi/9.3.1/../../../../arm-none-eabi/lib/thumb/v7e-m/nofp\libc_nano.a(lib_a-sbrkr.o)
 .ARM.attributes
                0x000000000000048f       0x2e c:/st/stm32cubeide_1.8.0/stm32cubeide/plugins/com.st.stm32cube.ide.mcu.externaltools.gnu-tools-for-stm32.9-2020-q2-update.win32_2.0.0.202105311346/tools/bin/../lib/gcc/arm-none-eabi/9.3.1/../../../../arm-none-eabi/lib/thumb/v7e-m/nofp\libc_nano.a(lib_a-stdio.o)
 .ARM.attributes
                0x00000000000004bd       0x2e c:/st/stm32cubeide_1.8.0/stm32cubeide/plugins/com.st.stm32cube.ide.mcu.externaltools.gnu-tools-for-stm32.9-2020-q2-update.win32_2.0.0.202105311346/tools/bin/../lib/gcc/arm-none-eabi/9.3.1/../../../../arm-none-eabi/lib/thumb/v7e-m/nofp\libc_nano.a(lib_a-writer.o)
 .ARM.attributes
                0x00000000000004eb       0x2e c:/st/stm32cubeide_1.8.0/stm32cubeide/plugins/com.st.stm32cube.ide.mcu.externaltools.gnu-tools-for-stm32.9-2020-q2-update.win32_2.0.0.202105311346/tools/bin/../lib/gcc/arm-none-eabi/9.3.1/../../../../arm-none-eabi/lib/thumb/v7e-m/nofp\libc_nano.a(lib_a-closer.o)
 .ARM.attributes
                0x0000000000000519       0x2e c:/st/stm32cubeide_1.8.0/stm32cubeide/plugins/com.st.stm32cube.ide.mcu.externaltools.gnu-tools-for-stm32.9-2020-q2-update.win32_2.0.0.202105311346/tools/bin/../lib/gcc/arm-none-eabi/9.3.1/../../../../arm-none-eabi/lib/thumb/v7e-m/nofp\libc_nano.a(lib_a-fstatr.o)
 .ARM.attributes
                0x0000000000000547       0x2e c:/st/stm32cubeide_1.8.0/stm32cubeide/plugins/com.st.stm32cube.ide.mcu.externaltools.gnu-tools-for-stm32.9-2020-q2-update.win32_2.0.0.202105311346/tools/bin/../lib/gcc/arm-none-eabi/9.3.1/../../../../arm-none-eabi/lib/thumb/v7e-m/nofp\libc_nano.a(lib_a-isattyr.o)
 .ARM.attributes
                0x0000000000000575       0x2e c:/st/stm32cubeide_1.8.0/stm32cubeide/plugins/com.st.stm32cube.ide.mcu.externaltools.gnu-tools-for-stm32.9-2020-q2-update.win32_2.0.0.202105311346/tools/bin/../lib/gcc/arm-none-eabi/9.3.1/../../../../arm-none-eabi/lib/thumb/v7e-m/nofp\libc_nano.a(lib_a-lseekr.o)
 .ARM.attributes
                0x00000000000005a3       0x2e c:/st/stm32cubeide_1.8.0/stm32cubeide/plugins/com.st.stm32cube.ide.mcu.externaltools.gnu-tools-for-stm32.9-2020-q2-update.win32_2.0.0.202105311346/tools/bin/../lib/gcc/arm-none-eabi/9.3.1/../../../../arm-none-eabi/lib/thumb/v7e-m/nofp\libc_nano.a(lib_a-mlock.o)
 .ARM.attributes
                0x00000000000005d1       0x2e c:/st/stm32cubeide_1.8.0/stm32cubeide/plugins/com.st.stm32cube.ide.mcu.externaltools.gnu-tools-for-stm32.9-2020-q2-update.win32_2.0.0.202105311346/tools/bin/../lib/gcc/arm-none-eabi/9.3.1/../../../../arm-none-eabi/lib/thumb/v7e-m/nofp\libc_nano.a(lib_a-readr.o)
 .ARM.attributes
                0x00000000000005ff       0x2e c:/st/stm32cubeide_1.8.0/stm32cubeide/plugins/com.st.stm32cube.ide.mcu.externaltools.gnu-tools-for-stm32.9-2020-q2-update.win32_2.0.0.202105311346/tools/bin/../lib/gcc/arm-none-eabi/9.3.1/../../../../arm-none-eabi/lib/thumb/v7e-m/nofp\libc_nano.a(lib_a-reent.o)
 .ARM.attributes
                0x000000000000062d       0x1e c:/st/stm32cubeide_1.8.0/stm32cubeide/plugins/com.st.stm32cube.ide.mcu.externaltools.gnu-tools-for-stm32.9-2020-q2-update.win32_2.0.0.202105311346/tools/bin/../lib/gcc/arm-none-eabi/9.3.1/thumb/v7e-m/nofp/crtn.o
OUTPUT(stm32_f4xx.drivers.elf elf32-littlearm)
LOAD linker stubs
LOAD c:/st/stm32cubeide_1.8.0/stm32cubeide/plugins/com.st.stm32cube.ide.mcu.externaltools.gnu-tools-for-stm32.9-2020-q2-update.win32_2.0.0.202105311346/tools/bin/../lib/gcc/arm-none-eabi/9.3.1/../../../../arm-none-eabi/lib/thumb/v7e-m/nofp\libc.a
LOAD c:/st/stm32cubeide_1.8.0/stm32cubeide/plugins/com.st.stm32cube.ide.mcu.externaltools.gnu-tools-for-stm32.9-2020-q2-update.win32_2.0.0.202105311346/tools/bin/../lib/gcc/arm-none-eabi/9.3.1/../../../../arm-none-eabi/lib/thumb/v7e-m/nofp\libm.a
LOAD c:/st/stm32cubeide_1.8.0/stm32cubeide/plugins/com.st.stm32cube.ide.mcu.externaltools.gnu-tools-for-stm32.9-2020-q2-update.win32_2.0.0.202105311346/tools/bin/../lib/gcc/arm-none-eabi/9.3.1/thumb/v7e-m/nofp\libgcc.a

.debug_info     0x0000000000000000     0x76b1
 .debug_info    0x0000000000000000      0xfa8 ./Src/syscalls.o
 .debug_info    0x0000000000000fa8      0xa25 ./Src/sysmem.o
 .debug_info    0x00000000000019cd       0x22 ./Startup/startup_stm32f411vetx.o
 .debug_info    0x00000000000019ef      0xddd ./drivers/Src/15_I2C_lcd1602_rtc.o
 .debug_info    0x00000000000027cc      0xfe2 ./drivers/Src/ds3231.o
 .debug_info    0x00000000000037ae      0xf60 ./drivers/Src/lcd.o
 .debug_info    0x000000000000470e     0x1019 ./drivers/Src/stm32f411xx_gpio_driver.o
 .debug_info    0x0000000000005727     0x1346 ./drivers/Src/stm32f411xx_i2c_driver.o
 .debug_info    0x0000000000006a6d      0xc44 ./drivers/Src/stm32f411xx_rcc_driver.o

.debug_abbrev   0x0000000000000000     0x135b
 .debug_abbrev  0x0000000000000000      0x286 ./Src/syscalls.o
 .debug_abbrev  0x0000000000000286      0x1bf ./Src/sysmem.o
 .debug_abbrev  0x0000000000000445       0x12 ./Startup/startup_stm32f411vetx.o
 .debug_abbrev  0x0000000000000457      0x290 ./drivers/Src/15_I2C_lcd1602_rtc.o
 .debug_abbrev  0x00000000000006e7      0x270 ./drivers/Src/ds3231.o
 .debug_abbrev  0x0000000000000957      0x2d3 ./drivers/Src/lcd.o
 .debug_abbrev  0x0000000000000c2a      0x252 ./drivers/Src/stm32f411xx_gpio_driver.o
 .debug_abbrev  0x0000000000000e7c      0x2e6 ./drivers/Src/stm32f411xx_i2c_driver.o
 .debug_abbrev  0x0000000000001162      0x1f9 ./drivers/Src/stm32f411xx_rcc_driver.o

.debug_aranges  0x0000000000000000      0x420
 .debug_aranges
                0x0000000000000000       0xa8 ./Src/syscalls.o
 .debug_aranges
                0x00000000000000a8       0x20 ./Src/sysmem.o
 .debug_aranges
                0x00000000000000c8       0x28 ./Startup/startup_stm32f411vetx.o
 .debug_aranges
                0x00000000000000f0       0x70 ./drivers/Src/15_I2C_lcd1602_rtc.o
 .debug_aranges
                0x0000000000000160       0x80 ./drivers/Src/ds3231.o
 .debug_aranges
                0x00000000000001e0       0xb0 ./drivers/Src/lcd.o
 .debug_aranges
                0x0000000000000290       0x70 ./drivers/Src/stm32f411xx_gpio_driver.o
 .debug_aranges
                0x0000000000000300       0xf0 ./drivers/Src/stm32f411xx_i2c_driver.o
 .debug_aranges
                0x00000000000003f0       0x30 ./drivers/Src/stm32f411xx_rcc_driver.o

.debug_ranges   0x0000000000000000      0x398
 .debug_ranges  0x0000000000000000       0x98 ./Src/syscalls.o
 .debug_ranges  0x0000000000000098       0x10 ./Src/sysmem.o
 .debug_ranges  0x00000000000000a8       0x20 ./Startup/startup_stm32f411vetx.o
 .debug_ranges  0x00000000000000c8       0x60 ./drivers/Src/15_I2C_lcd1602_rtc.o
 .debug_ranges  0x0000000000000128       0x70 ./drivers/Src/ds3231.o
 .debug_ranges  0x0000000000000198       0xa0 ./drivers/Src/lcd.o
 .debug_ranges  0x0000000000000238       0x60 ./drivers/Src/stm32f411xx_gpio_driver.o
 .debug_ranges  0x0000000000000298       0xe0 ./drivers/Src/stm32f411xx_i2c_driver.o
 .debug_ranges  0x0000000000000378       0x20 ./drivers/Src/stm32f411xx_rcc_driver.o

.debug_macro    0x0000000000000000     0x45de
 .debug_macro   0x0000000000000000      0x24c ./Src/syscalls.o
 .debug_macro   0x000000000000024c      0xaa8 ./Src/syscalls.o
 .debug_macro   0x0000000000000cf4       0x22 ./Src/syscalls.o
 .debug_macro   0x0000000000000d16       0x4c ./Src/syscalls.o
 .debug_macro   0x0000000000000d62       0x18 ./Src/syscalls.o
 .debug_macro   0x0000000000000d7a       0x94 ./Src/syscalls.o
 .debug_macro   0x0000000000000e0e       0x3c ./Src/syscalls.o
 .debug_macro   0x0000000000000e4a       0x34 ./Src/syscalls.o
 .debug_macro   0x0000000000000e7e       0x57 ./Src/syscalls.o
 .debug_macro   0x0000000000000ed5      0x174 ./Src/syscalls.o
 .debug_macro   0x0000000000001049      0x339 ./Src/syscalls.o
 .debug_macro   0x0000000000001382       0x16 ./Src/syscalls.o
 .debug_macro   0x0000000000001398       0x43 ./Src/syscalls.o
 .debug_macro   0x00000000000013db       0x34 ./Src/syscalls.o
 .debug_macro   0x000000000000140f       0x10 ./Src/syscalls.o
 .debug_macro   0x000000000000141f       0x58 ./Src/syscalls.o
 .debug_macro   0x0000000000001477       0x71 ./Src/syscalls.o
 .debug_macro   0x00000000000014e8       0x1c ./Src/syscalls.o
 .debug_macro   0x0000000000001504      0x12a ./Src/syscalls.o
 .debug_macro   0x000000000000162e       0x10 ./Src/syscalls.o
 .debug_macro   0x000000000000163e       0x35 ./Src/syscalls.o
 .debug_macro   0x0000000000001673       0x10 ./Src/syscalls.o
 .debug_macro   0x0000000000001683       0x10 ./Src/syscalls.o
 .debug_macro   0x0000000000001693       0x10 ./Src/syscalls.o
 .debug_macro   0x00000000000016a3       0x6a ./Src/syscalls.o
 .debug_macro   0x000000000000170d       0x1c ./Src/syscalls.o
 .debug_macro   0x0000000000001729       0x52 ./Src/syscalls.o
 .debug_macro   0x000000000000177b       0x22 ./Src/syscalls.o
 .debug_macro   0x000000000000179d       0x10 ./Src/syscalls.o
 .debug_macro   0x00000000000017ad       0x40 ./Src/syscalls.o
 .debug_macro   0x00000000000017ed       0xd5 ./Src/syscalls.o
 .debug_macro   0x00000000000018c2       0x1c ./Src/syscalls.o
 .debug_macro   0x00000000000018de       0x3d ./Src/syscalls.o
 .debug_macro   0x000000000000191b       0x35 ./Src/syscalls.o
 .debug_macro   0x0000000000001950      0x12c ./Src/syscalls.o
 .debug_macro   0x0000000000001a7c       0x16 ./Src/syscalls.o
 .debug_macro   0x0000000000001a92       0x16 ./Src/syscalls.o
 .debug_macro   0x0000000000001aa8       0x29 ./Src/syscalls.o
 .debug_macro   0x0000000000001ad1       0x10 ./Src/syscalls.o
 .debug_macro   0x0000000000001ae1      0x241 ./Src/syscalls.o
 .debug_macro   0x0000000000001d22       0x1c ./Src/syscalls.o
 .debug_macro   0x0000000000001d3e       0x10 ./Src/syscalls.o
 .debug_macro   0x0000000000001d4e       0x10 ./Src/syscalls.o
 .debug_macro   0x0000000000001d5e       0x16 ./Src/syscalls.o
 .debug_macro   0x0000000000001d74      0x145 ./Src/syscalls.o
 .debug_macro   0x0000000000001eb9      0x189 ./Src/syscalls.o
 .debug_macro   0x0000000000002042       0x16 ./Src/syscalls.o
 .debug_macro   0x0000000000002058       0xce ./Src/syscalls.o
 .debug_macro   0x0000000000002126       0xff ./Src/sysmem.o
 .debug_macro   0x0000000000002225      0x23b ./Src/sysmem.o
 .debug_macro   0x0000000000002460      0x103 ./Src/sysmem.o
 .debug_macro   0x0000000000002563      0x1df ./Src/sysmem.o
 .debug_macro   0x0000000000002742      0x26b ./drivers/Src/15_I2C_lcd1602_rtc.o
 .debug_macro   0x00000000000029ad       0x16 ./drivers/Src/15_I2C_lcd1602_rtc.o
 .debug_macro   0x00000000000029c3       0x97 ./drivers/Src/15_I2C_lcd1602_rtc.o
 .debug_macro   0x0000000000002a5a       0xfd ./drivers/Src/15_I2C_lcd1602_rtc.o
 .debug_macro   0x0000000000002b57       0x16 ./drivers/Src/15_I2C_lcd1602_rtc.o
 .debug_macro   0x0000000000002b6d       0x20 ./drivers/Src/15_I2C_lcd1602_rtc.o
 .debug_macro   0x0000000000002b8d      0x6cd ./drivers/Src/15_I2C_lcd1602_rtc.o
 .debug_macro   0x000000000000325a       0xd6 ./drivers/Src/15_I2C_lcd1602_rtc.o
 .debug_macro   0x0000000000003330       0xd3 ./drivers/Src/15_I2C_lcd1602_rtc.o
 .debug_macro   0x0000000000003403       0xd6 ./drivers/Src/15_I2C_lcd1602_rtc.o
 .debug_macro   0x00000000000034d9      0x106 ./drivers/Src/15_I2C_lcd1602_rtc.o
 .debug_macro   0x00000000000035df      0x11e ./drivers/Src/15_I2C_lcd1602_rtc.o
 .debug_macro   0x00000000000036fd       0x76 ./drivers/Src/15_I2C_lcd1602_rtc.o
 .debug_macro   0x0000000000003773      0x25f ./drivers/Src/ds3231.o
 .debug_macro   0x00000000000039d2       0x8e ./drivers/Src/ds3231.o
 .debug_macro   0x0000000000003a60       0x51 ./drivers/Src/ds3231.o
 .debug_macro   0x0000000000003ab1       0x52 ./drivers/Src/ds3231.o
 .debug_macro   0x0000000000003b03       0x10 ./drivers/Src/ds3231.o
 .debug_macro   0x0000000000003b13       0x7c ./drivers/Src/ds3231.o
 .debug_macro   0x0000000000003b8f      0x263 ./drivers/Src/lcd.o
 .debug_macro   0x0000000000003df2      0x265 ./drivers/Src/stm32f411xx_gpio_driver.o
 .debug_macro   0x0000000000004057       0xcd ./drivers/Src/stm32f411xx_gpio_driver.o
 .debug_macro   0x0000000000004124      0x25b ./drivers/Src/stm32f411xx_i2c_driver.o
 .debug_macro   0x000000000000437f      0x25f ./drivers/Src/stm32f411xx_rcc_driver.o

.debug_line     0x0000000000000000     0x4cb6
 .debug_line    0x0000000000000000      0x7fe ./Src/syscalls.o
 .debug_line    0x00000000000007fe      0x4f3 ./Src/sysmem.o
 .debug_line    0x0000000000000cf1       0x84 ./Startup/startup_stm32f411vetx.o
 .debug_line    0x0000000000000d75      0x925 ./drivers/Src/15_I2C_lcd1602_rtc.o
 .debug_line    0x000000000000169a      0x95d ./drivers/Src/ds3231.o
 .debug_line    0x0000000000001ff7      0x9d8 ./drivers/Src/lcd.o
 .debug_line    0x00000000000029cf      0xbb3 ./drivers/Src/stm32f411xx_gpio_driver.o
 .debug_line    0x0000000000003582      0xf7b ./drivers/Src/stm32f411xx_i2c_driver.o
 .debug_line    0x00000000000044fd      0x7b9 ./drivers/Src/stm32f411xx_rcc_driver.o

.debug_str      0x0000000000000000     0xd17f
 .debug_str     0x0000000000000000     0x8c51 ./Src/syscalls.o
                                       0x8ed3 (size before relaxing)
 .debug_str     0x0000000000008c51      0x9ce ./Src/sysmem.o
                                       0x62a6 (size before relaxing)
 .debug_str     0x000000000000961f       0x31 ./Startup/startup_stm32f411vetx.o
                                         0x9c (size before relaxing)
 .debug_str     0x0000000000009650     0x315f ./drivers/Src/15_I2C_lcd1602_rtc.o
                                       0xb2af (size before relaxing)
 .debug_str     0x000000000000c7af      0x214 ./drivers/Src/ds3231.o
                                       0xb36f (size before relaxing)
 .debug_str     0x000000000000c9c3      0x17a ./drivers/Src/lcd.o
                                       0xb346 (size before relaxing)
 .debug_str     0x000000000000cb3d      0x29c ./drivers/Src/stm32f411xx_gpio_driver.o
                                       0xb3bc (size before relaxing)
 .debug_str     0x000000000000cdd9      0x2e5 ./drivers/Src/stm32f411xx_i2c_driver.o
                                       0xb527 (size before relaxing)
 .debug_str     0x000000000000d0be       0xc1 ./drivers/Src/stm32f411xx_rcc_driver.o
                                       0xb1f7 (size before relaxing)

.comment        0x0000000000000000       0x53
 .comment       0x0000000000000000       0x53 ./Src/syscalls.o
                                         0x54 (size before relaxing)
 .comment       0x0000000000000053       0x54 ./Src/sysmem.o
 .comment       0x0000000000000053       0x54 ./drivers/Src/15_I2C_lcd1602_rtc.o
 .comment       0x0000000000000053       0x54 ./drivers/Src/ds3231.o
 .comment       0x0000000000000053       0x54 ./drivers/Src/lcd.o
 .comment       0x0000000000000053       0x54 ./drivers/Src/stm32f411xx_gpio_driver.o
 .comment       0x0000000000000053       0x54 ./drivers/Src/stm32f411xx_i2c_driver.o
 .comment       0x0000000000000053       0x54 ./drivers/Src/stm32f411xx_rcc_driver.o

.debug_frame    0x0000000000000000     0x1628
 .debug_frame   0x0000000000000000      0x2ac ./Src/syscalls.o
 .debug_frame   0x00000000000002ac       0x34 ./Src/sysmem.o
 .debug_frame   0x00000000000002e0      0x1a4 ./drivers/Src/15_I2C_lcd1602_rtc.o
 .debug_frame   0x0000000000000484      0x1dc ./drivers/Src/ds3231.o
 .debug_frame   0x0000000000000660      0x29c ./drivers/Src/lcd.o
 .debug_frame   0x00000000000008fc      0x1c8 ./drivers/Src/stm32f411xx_gpio_driver.o
 .debug_frame   0x0000000000000ac4      0x420 ./drivers/Src/stm32f411xx_i2c_driver.o
 .debug_frame   0x0000000000000ee4       0x7c ./drivers/Src/stm32f411xx_rcc_driver.o
 .debug_frame   0x0000000000000f60       0x20 c:/st/stm32cubeide_1.8.0/stm32cubeide/plugins/com.st.stm32cube.ide.mcu.externaltools.gnu-tools-for-stm32.9-2020-q2-update.win32_2.0.0.202105311346/tools/bin/../lib/gcc/arm-none-eabi/9.3.1/../../../../arm-none-eabi/lib/thumb/v7e-m/nofp\libc_nano.a(lib_a-errno.o)
 .debug_frame   0x0000000000000f80       0x2c c:/st/stm32cubeide_1.8.0/stm32cubeide/plugins/com.st.stm32cube.ide.mcu.externaltools.gnu-tools-for-stm32.9-2020-q2-update.win32_2.0.0.202105311346/tools/bin/../lib/gcc/arm-none-eabi/9.3.1/../../../../arm-none-eabi/lib/thumb/v7e-m/nofp\libc_nano.a(lib_a-init.o)
 .debug_frame   0x0000000000000fac       0x20 c:/st/stm32cubeide_1.8.0/stm32cubeide/plugins/com.st.stm32cube.ide.mcu.externaltools.gnu-tools-for-stm32.9-2020-q2-update.win32_2.0.0.202105311346/tools/bin/../lib/gcc/arm-none-eabi/9.3.1/../../../../arm-none-eabi/lib/thumb/v7e-m/nofp\libc_nano.a(lib_a-memset.o)
 .debug_frame   0x0000000000000fcc       0x3c c:/st/stm32cubeide_1.8.0/stm32cubeide/plugins/com.st.stm32cube.ide.mcu.externaltools.gnu-tools-for-stm32.9-2020-q2-update.win32_2.0.0.202105311346/tools/bin/../lib/gcc/arm-none-eabi/9.3.1/../../../../arm-none-eabi/lib/thumb/v7e-m/nofp\libc_nano.a(lib_a-puts.o)
 .debug_frame   0x0000000000001008       0x40 c:/st/stm32cubeide_1.8.0/stm32cubeide/plugins/com.st.stm32cube.ide.mcu.externaltools.gnu-tools-for-stm32.9-2020-q2-update.win32_2.0.0.202105311346/tools/bin/../lib/gcc/arm-none-eabi/9.3.1/../../../../arm-none-eabi/lib/thumb/v7e-m/nofp\libc_nano.a(lib_a-wbuf.o)
 .debug_frame   0x0000000000001048       0x2c c:/st/stm32cubeide_1.8.0/stm32cubeide/plugins/com.st.stm32cube.ide.mcu.externaltools.gnu-tools-for-stm32.9-2020-q2-update.win32_2.0.0.202105311346/tools/bin/../lib/gcc/arm-none-eabi/9.3.1/../../../../arm-none-eabi/lib/thumb/v7e-m/nofp\libc_nano.a(lib_a-wsetup.o)
 .debug_frame   0x0000000000001074       0x5c c:/st/stm32cubeide_1.8.0/stm32cubeide/plugins/com.st.stm32cube.ide.mcu.externaltools.gnu-tools-for-stm32.9-2020-q2-update.win32_2.0.0.202105311346/tools/bin/../lib/gcc/arm-none-eabi/9.3.1/../../../../arm-none-eabi/lib/thumb/v7e-m/nofp\libc_nano.a(lib_a-fflush.o)
 .debug_frame   0x00000000000010d0      0x14c c:/st/stm32cubeide_1.8.0/stm32cubeide/plugins/com.st.stm32cube.ide.mcu.externaltools.gnu-tools-for-stm32.9-2020-q2-update.win32_2.0.0.202105311346/tools/bin/../lib/gcc/arm-none-eabi/9.3.1/../../../../arm-none-eabi/lib/thumb/v7e-m/nofp\libc_nano.a(lib_a-findfp.o)
 .debug_frame   0x000000000000121c       0x54 c:/st/stm32cubeide_1.8.0/stm32cubeide/plugins/com.st.stm32cube.ide.mcu.externaltools.gnu-tools-for-stm32.9-2020-q2-update.win32_2.0.0.202105311346/tools/bin/../lib/gcc/arm-none-eabi/9.3.1/../../../../arm-none-eabi/lib/thumb/v7e-m/nofp\libc_nano.a(lib_a-fwalk.o)
 .debug_frame   0x0000000000001270       0xb0 c:/st/stm32cubeide_1.8.0/stm32cubeide/plugins/com.st.stm32cube.ide.mcu.externaltools.gnu-tools-for-stm32.9-2020-q2-update.win32_2.0.0.202105311346/tools/bin/../lib/gcc/arm-none-eabi/9.3.1/../../../../arm-none-eabi/lib/thumb/v7e-m/nofp\libc_nano.a(lib_a-lock.o)
 .debug_frame   0x0000000000001320       0x58 c:/st/stm32cubeide_1.8.0/stm32cubeide/plugins/com.st.stm32cube.ide.mcu.externaltools.gnu-tools-for-stm32.9-2020-q2-update.win32_2.0.0.202105311346/tools/bin/../lib/gcc/arm-none-eabi/9.3.1/../../../../arm-none-eabi/lib/thumb/v7e-m/nofp\libc_nano.a(lib_a-makebuf.o)
 .debug_frame   0x0000000000001378       0x38 c:/st/stm32cubeide_1.8.0/stm32cubeide/plugins/com.st.stm32cube.ide.mcu.externaltools.gnu-tools-for-stm32.9-2020-q2-update.win32_2.0.0.202105311346/tools/bin/../lib/gcc/arm-none-eabi/9.3.1/../../../../arm-none-eabi/lib/thumb/v7e-m/nofp\libc_nano.a(lib_a-nano-freer.o)
 .debug_frame   0x00000000000013b0       0x30 c:/st/stm32cubeide_1.8.0/stm32cubeide/plugins/com.st.stm32cube.ide.mcu.externaltools.gnu-tools-for-stm32.9-2020-q2-update.win32_2.0.0.202105311346/tools/bin/../lib/gcc/arm-none-eabi/9.3.1/../../../../arm-none-eabi/lib/thumb/v7e-m/nofp\libc_nano.a(lib_a-nano-mallocr.o)
 .debug_frame   0x00000000000013e0       0x2c c:/st/stm32cubeide_1.8.0/stm32cubeide/plugins/com.st.stm32cube.ide.mcu.externaltools.gnu-tools-for-stm32.9-2020-q2-update.win32_2.0.0.202105311346/tools/bin/../lib/gcc/arm-none-eabi/9.3.1/../../../../arm-none-eabi/lib/thumb/v7e-m/nofp\libc_nano.a(lib_a-sbrkr.o)
 .debug_frame   0x000000000000140c       0x88 c:/st/stm32cubeide_1.8.0/stm32cubeide/plugins/com.st.stm32cube.ide.mcu.externaltools.gnu-tools-for-stm32.9-2020-q2-update.win32_2.0.0.202105311346/tools/bin/../lib/gcc/arm-none-eabi/9.3.1/../../../../arm-none-eabi/lib/thumb/v7e-m/nofp\libc_nano.a(lib_a-stdio.o)
 .debug_frame   0x0000000000001494       0x2c c:/st/stm32cubeide_1.8.0/stm32cubeide/plugins/com.st.stm32cube.ide.mcu.externaltools.gnu-tools-for-stm32.9-2020-q2-update.win32_2.0.0.202105311346/tools/bin/../lib/gcc/arm-none-eabi/9.3.1/../../../../arm-none-eabi/lib/thumb/v7e-m/nofp\libc_nano.a(lib_a-writer.o)
 .debug_frame   0x00000000000014c0       0x2c c:/st/stm32cubeide_1.8.0/stm32cubeide/plugins/com.st.stm32cube.ide.mcu.externaltools.gnu-tools-for-stm32.9-2020-q2-update.win32_2.0.0.202105311346/tools/bin/../lib/gcc/arm-none-eabi/9.3.1/../../../../arm-none-eabi/lib/thumb/v7e-m/nofp\libc_nano.a(lib_a-closer.o)
 .debug_frame   0x00000000000014ec       0x2c c:/st/stm32cubeide_1.8.0/stm32cubeide/plugins/com.st.stm32cube.ide.mcu.externaltools.gnu-tools-for-stm32.9-2020-q2-update.win32_2.0.0.202105311346/tools/bin/../lib/gcc/arm-none-eabi/9.3.1/../../../../arm-none-eabi/lib/thumb/v7e-m/nofp\libc_nano.a(lib_a-fstatr.o)
 .debug_frame   0x0000000000001518       0x2c c:/st/stm32cubeide_1.8.0/stm32cubeide/plugins/com.st.stm32cube.ide.mcu.externaltools.gnu-tools-for-stm32.9-2020-q2-update.win32_2.0.0.202105311346/tools/bin/../lib/gcc/arm-none-eabi/9.3.1/../../../../arm-none-eabi/lib/thumb/v7e-m/nofp\libc_nano.a(lib_a-isattyr.o)
 .debug_frame   0x0000000000001544       0x2c c:/st/stm32cubeide_1.8.0/stm32cubeide/plugins/com.st.stm32cube.ide.mcu.externaltools.gnu-tools-for-stm32.9-2020-q2-update.win32_2.0.0.202105311346/tools/bin/../lib/gcc/arm-none-eabi/9.3.1/../../../../arm-none-eabi/lib/thumb/v7e-m/nofp\libc_nano.a(lib_a-lseekr.o)
 .debug_frame   0x0000000000001570       0x30 c:/st/stm32cubeide_1.8.0/stm32cubeide/plugins/com.st.stm32cube.ide.mcu.externaltools.gnu-tools-for-stm32.9-2020-q2-update.win32_2.0.0.202105311346/tools/bin/../lib/gcc/arm-none-eabi/9.3.1/../../../../arm-none-eabi/lib/thumb/v7e-m/nofp\libc_nano.a(lib_a-mlock.o)
 .debug_frame   0x00000000000015a0       0x2c c:/st/stm32cubeide_1.8.0/stm32cubeide/plugins/com.st.stm32cube.ide.mcu.externaltools.gnu-tools-for-stm32.9-2020-q2-update.win32_2.0.0.202105311346/tools/bin/../lib/gcc/arm-none-eabi/9.3.1/../../../../arm-none-eabi/lib/thumb/v7e-m/nofp\libc_nano.a(lib_a-readr.o)
 .debug_frame   0x00000000000015cc       0x5c c:/st/stm32cubeide_1.8.0/stm32cubeide/plugins/com.st.stm32cube.ide.mcu.externaltools.gnu-tools-for-stm32.9-2020-q2-update.win32_2.0.0.202105311346/tools/bin/../lib/gcc/arm-none-eabi/9.3.1/../../../../arm-none-eabi/lib/thumb/v7e-m/nofp\libc_nano.a(lib_a-reent.o)
