09_I2C_receiveData_ArduinoToSTM33_IT.c:36:6:I2C1_GPIOInits	24	static
09_I2C_receiveData_ArduinoToSTM33_IT.c:62:6:I2C1_Inits	8	static
09_I2C_receiveData_ArduinoToSTM33_IT.c:73:6:GPIO_ButtonInit	32	static
09_I2C_receiveData_ArduinoToSTM33_IT.c:102:6:delay	16	static
09_I2C_receiveData_ArduinoToSTM33_IT.c:106:5:main	24	static
09_I2C_receiveData_ArduinoToSTM33_IT.c:173:6:I2C1_EV_IRQHandler	8	static
09_I2C_receiveData_ArduinoToSTM33_IT.c:177:6:I2C1_ER_IRQHandler	8	static
09_I2C_receiveData_ArduinoToSTM33_IT.c:181:6:I2C_ApplicationEventCallback	16	static
