15_I2C_lcd1602_rtc.c:34:6:init_systick_timer	32	static
15_I2C_lcd1602_rtc.c:57:7:get_day_of_week	56	static
15_I2C_lcd1602_rtc.c:65:6:number_to_string	16	static
15_I2C_lcd1602_rtc.c:81:7:time_to_string	16	static
15_I2C_lcd1602_rtc.c:99:7:date_to_string	16	static
15_I2C_lcd1602_rtc.c:116:13:mdelay	24	static
15_I2C_lcd1602_rtc.c:122:6:GPIO_ButtonInit	24	static
15_I2C_lcd1602_rtc.c:137:6:GPIO_alarmInit	32	static
15_I2C_lcd1602_rtc.c:164:6:EXTI3_IRQHandler	8	static
15_I2C_lcd1602_rtc.c:172:5:main	32	static
15_I2C_lcd1602_rtc.c:273:6:SysTick_Handler	24	static
