15_lcd1602_4bit.c:20:6:init_systick_timer	32	static
15_lcd1602_4bit.c:43:7:get_day_of_week	56	static
15_lcd1602_4bit.c:51:6:number_to_string	16	static
15_lcd1602_4bit.c:67:7:time_to_string	16	static
15_lcd1602_4bit.c:85:7:date_to_string	16	static
15_lcd1602_4bit.c:102:13:mdelay	24	static
15_lcd1602_4bit.c:108:6:GPIO_ButtonInit	24	static
15_lcd1602_4bit.c:123:6:GPIO_alarmInit	32	static
15_lcd1602_4bit.c:150:6:EXTI3_IRQHandler	8	static
15_lcd1602_4bit.c:158:5:main	32	static
15_lcd1602_4bit.c:303:6:SysTick_Handler	24	static
