lcd.c:18:6:lcd_send_command	16	static
lcd.c:37:6:lcd_print_char	16	static
lcd.c:50:6:lcd_print_string	16	static
lcd.c:60:6:lcd_init	24	static
lcd.c:137:13:write_4_bits	16	static
lcd.c:147:6:lcd_display_clear	8	static
lcd.c:159:6:lcd_display_clear_i2c	8	static
lcd.c:173:6:lcd_display_return_home	8	static
lcd.c:189:6:lcd_set_cursor	16	static
lcd.c:207:13:lcd_enable	8	static
lcd.c:215:13:mdelay	24	static
lcd.c:221:13:udelay	24	static
lcd.c:237:6:lcd_send_cmd	32	static
lcd.c:252:6:lcd_send_data	32	static
lcd.c:265:6:lcd_clear	16	static
lcd.c:274:6:lcd_put_cur	16	static
lcd.c:291:6:lcd_init_i2c	32	static
lcd.c:363:6:lcd_send_string	16	static
lcd.c:369:6:lcd_display_return_home_i2c	8	static
